Component: ARM Compiler 5.06 update 3 (build 300) Tool: armlink [4d35c9]

==============================================================================

Section Cross References

    startup_stm32f072xb.o(STACK) refers (Special) to heapauxi.o(.text) for __use_two_region_memory
    startup_stm32f072xb.o(HEAP) refers (Special) to heapauxi.o(.text) for __use_two_region_memory
    startup_stm32f072xb.o(RESET) refers (Special) to heapauxi.o(.text) for __use_two_region_memory
    startup_stm32f072xb.o(RESET) refers to startup_stm32f072xb.o(STACK) for __initial_sp
    startup_stm32f072xb.o(RESET) refers to startup_stm32f072xb.o(.text) for Reset_Handler
    startup_stm32f072xb.o(RESET) refers to stm32f0xx_it.o(i.NMI_Handler) for NMI_Handler
    startup_stm32f072xb.o(RESET) refers to stm32f0xx_it.o(i.HardFault_Handler) for HardFault_Handler
    startup_stm32f072xb.o(RESET) refers to stm32f0xx_it.o(i.SVC_Handler) for SVC_Handler
    startup_stm32f072xb.o(RESET) refers to stm32f0xx_it.o(i.PendSV_Handler) for PendSV_Handler
    startup_stm32f072xb.o(RESET) refers to stm32f0xx_it.o(i.SysTick_Handler) for SysTick_Handler
    startup_stm32f072xb.o(.text) refers (Special) to heapauxi.o(.text) for __use_two_region_memory
    startup_stm32f072xb.o(.text) refers to system_stm32f0xx.o(i.SystemInit) for SystemInit
    startup_stm32f072xb.o(.text) refers to __main.o(!!!main) for __main
    startup_stm32f072xb.o(.text) refers to startup_stm32f072xb.o(HEAP) for Heap_Mem
    startup_stm32f072xb.o(.text) refers to startup_stm32f072xb.o(STACK) for Stack_Mem
    lcd.o(i.LCD_BGOFF) refers to stm32f0xx_hal_gpio.o(i.HAL_GPIO_WritePin) for HAL_GPIO_WritePin
    lcd.o(i.LCD_BGON) refers to stm32f0xx_hal_gpio.o(i.HAL_GPIO_WritePin) for HAL_GPIO_WritePin
    lcd.o(i.LCD_Clear) refers to lcd.o(i.LCD_SetArea) for LCD_SetArea
    lcd.o(i.LCD_Clear) refers to lcd.o(i.LCD_WR_REG) for LCD_WR_REG
    lcd.o(i.LCD_Clear) refers to stm32f0xx_hal_gpio.o(i.HAL_GPIO_WritePin) for HAL_GPIO_WritePin
    lcd.o(i.LCD_Clear) refers to lcd.o(i.LCD_WriteRam) for LCD_WriteRam
    lcd.o(i.LCD_Color_Fill) refers to lcd.o(i.LCD_SetArea) for LCD_SetArea
    lcd.o(i.LCD_Color_Fill) refers to lcd.o(i.LCD_WR_REG) for LCD_WR_REG
    lcd.o(i.LCD_Color_Fill) refers to stm32f0xx_hal_gpio.o(i.HAL_GPIO_WritePin) for HAL_GPIO_WritePin
    lcd.o(i.LCD_Color_Fill) refers to lcd.o(i.LCD_SPI_WriteByte) for LCD_SPI_WriteByte
    lcd.o(i.LCD_Draw_Circle) refers to lcd.o(i.LCD_Draw_Point) for LCD_Draw_Point
    lcd.o(i.LCD_Draw_Line) refers to lcd.o(i.LCD_Draw_Point) for LCD_Draw_Point
    lcd.o(i.LCD_Draw_Point) refers to lcd.o(i.LCD_SET_Cursor) for LCD_SET_Cursor
    lcd.o(i.LCD_Draw_Point) refers to lcd.o(i.LCD_WR_REG) for LCD_WR_REG
    lcd.o(i.LCD_Draw_Point) refers to stm32f0xx_hal_gpio.o(i.HAL_GPIO_WritePin) for HAL_GPIO_WritePin
    lcd.o(i.LCD_Draw_Point) refers to lcd.o(i.LCD_SPI_WriteByte) for LCD_SPI_WriteByte
    lcd.o(i.LCD_Fill) refers to lcd.o(i.LCD_SET_Cursor) for LCD_SET_Cursor
    lcd.o(i.LCD_Fill) refers to lcd.o(i.LCD_WR_REG) for LCD_WR_REG
    lcd.o(i.LCD_Fill) refers to stm32f0xx_hal_gpio.o(i.HAL_GPIO_WritePin) for HAL_GPIO_WritePin
    lcd.o(i.LCD_Fill) refers to lcd.o(i.LCD_SPI_WriteByte) for LCD_SPI_WriteByte
    lcd.o(i.LCD_Init) refers to stm32f0xx_hal_gpio.o(i.HAL_GPIO_WritePin) for HAL_GPIO_WritePin
    lcd.o(i.LCD_Init) refers to stm32f0xx_hal.o(i.HAL_Delay) for HAL_Delay
    lcd.o(i.LCD_Init) refers to lcd.o(i.LCD_RegConfig) for LCD_RegConfig
    lcd.o(i.LCD_Init) refers to lcd.o(i.LCD_BGON) for LCD_BGON
    lcd.o(i.LCD_RegConfig) refers to lcd.o(i.LCD_WR_REG) for LCD_WR_REG
    lcd.o(i.LCD_RegConfig) refers to lcd.o(i.LCD_WR_DATA) for LCD_WR_DATA
    lcd.o(i.LCD_RegConfig) refers to stm32f0xx_hal.o(i.HAL_Delay) for HAL_Delay
    lcd.o(i.LCD_SET_Cursor) refers to lcd.o(i.LCD_WR_REG) for LCD_WR_REG
    lcd.o(i.LCD_SET_Cursor) refers to lcd.o(i.LCD_WR_DATA) for LCD_WR_DATA
    lcd.o(i.LCD_SPI_WriteByte) refers to stm32f0xx_hal_gpio.o(i.HAL_GPIO_WritePin) for HAL_GPIO_WritePin
    lcd.o(i.LCD_SetArea) refers to lcd.o(i.LCD_WR_REG) for LCD_WR_REG
    lcd.o(i.LCD_SetArea) refers to lcd.o(i.LCD_WR_DATA) for LCD_WR_DATA
    lcd.o(i.LCD_Show_Char) refers to lcd.o(i.LCD_Draw_Point) for LCD_Draw_Point
    lcd.o(i.LCD_Show_Char) refers to lcd.o(.constdata) for .constdata
    lcd.o(i.LCD_Show_Num) refers to lcd.o(i.LCD_POW) for LCD_POW
    lcd.o(i.LCD_Show_Num) refers to aeabi_sdiv.o(.text) for __aeabi_uidivmod
    lcd.o(i.LCD_Show_Num) refers to lcd.o(i.LCD_Show_Char) for LCD_Show_Char
    lcd.o(i.LCD_Show_String) refers to lcd.o(i.LCD_Show_Char) for LCD_Show_Char
    lcd.o(i.LCD_WR_DATA) refers to stm32f0xx_hal_gpio.o(i.HAL_GPIO_WritePin) for HAL_GPIO_WritePin
    lcd.o(i.LCD_WR_DATA) refers to lcd.o(i.LCD_SPI_WriteByte) for LCD_SPI_WriteByte
    lcd.o(i.LCD_WR_REG) refers to stm32f0xx_hal_gpio.o(i.HAL_GPIO_WritePin) for HAL_GPIO_WritePin
    lcd.o(i.LCD_WR_REG) refers to lcd.o(i.LCD_SPI_WriteByte) for LCD_SPI_WriteByte
[...]
    Removing lv_label.o(i.lv_label_destructor), (30 bytes).
    Removing lv_label.o(i.lv_label_dot_tmp_free), (38 bytes).
    Removing lv_label.o(i.lv_label_event), (260 bytes).
    Removing lv_label.o(i.lv_label_get_letter_on), (524 bytes).
    Removing lv_label.o(i.lv_label_get_letter_pos), (452 bytes).
    Removing lv_label.o(i.lv_label_get_long_mode), (10 bytes).
    Removing lv_label.o(i.lv_label_get_recolor), (10 bytes).
    Removing lv_label.o(i.lv_label_get_text), (4 bytes).
    Removing lv_label.o(i.lv_label_get_text_selection_end), (4 bytes).
    Removing lv_label.o(i.lv_label_get_text_selection_start), (4 bytes).
    Removing lv_label.o(i.lv_label_ins_text), (100 bytes).
    Removing lv_label.o(i.lv_label_is_char_under_pos), (456 bytes).
    Removing lv_label.o(i.lv_label_refr_text), (1200 bytes).
    Removing lv_label.o(i.lv_label_revert_dots), (96 bytes).
    Removing lv_label.o(i.lv_label_set_long_mode), (112 bytes).
    Removing lv_label.o(i.lv_label_set_recolor), (32 bytes).
    Removing lv_label.o(i.lv_label_set_text), (112 bytes).
    Removing lv_label.o(i.lv_label_set_text_fmt), (82 bytes).
    Removing lv_label.o(i.lv_label_set_text_sel_end), (10 bytes).
    Removing lv_label.o(i.lv_label_set_text_sel_start), (10 bytes).
    Removing lv_label.o(i.lv_label_set_text_static), (52 bytes).
    Removing lv_label.o(i.lv_obj_get_style_anim_speed), (10 bytes).
    Removing lv_label.o(i.lv_obj_get_style_text_font), (16 bytes).
    Removing lv_label.o(i.lv_obj_get_style_text_letter_space), (16 bytes).
    Removing lv_label.o(i.lv_obj_get_style_text_line_space), (16 bytes).
    Removing lv_label.o(i.lv_obj_get_style_width), (16 bytes).
    Removing lv_label.o(i.set_ofs_x_anim), (12 bytes).
    Removing lv_label.o(i.set_ofs_y_anim), (12 bytes).
    Removing lv_label.o(.constdata), (28 bytes).
    Removing lv_line.o(i.lv_line_constructor), (22 bytes).
    Removing lv_line.o(i.lv_line_create), (24 bytes).
    Removing lv_line.o(i.lv_line_event), (348 bytes).
    Removing lv_line.o(i.lv_line_get_y_invert), (10 bytes).
    Removing lv_line.o(i.lv_line_set_points), (20 bytes).
    Removing lv_line.o(i.lv_line_set_y_invert), (24 bytes).
    Removing lv_line.o(i.lv_obj_get_style_line_width), (16 bytes).
    Removing lv_line.o(.constdata), (28 bytes).
    Removing lv_roller.o(i.draw_label), (206 bytes).
    Removing lv_roller.o(i.draw_main), (388 bytes).
    Removing lv_roller.o(i.get_label), (10 bytes).
    Removing lv_roller.o(i.get_sel_area), (104 bytes).
    Removing lv_roller.o(i.get_selected_label_width), (92 bytes).
    Removing lv_roller.o(i.inf_normalize), (122 bytes).
    Removing lv_roller.o(i.lv_obj_get_style_border_width), (16 bytes).
    Removing lv_roller.o(i.lv_obj_get_style_text_font), (16 bytes).
    Removing lv_roller.o(i.lv_obj_get_style_text_line_space), (16 bytes).
    Removing lv_roller.o(i.lv_roller_constructor), (120 bytes).
    Removing lv_roller.o(i.lv_roller_create), (24 bytes).
    Removing lv_roller.o(i.lv_roller_event), (356 bytes).
    Removing lv_roller.o(i.lv_roller_get_option_cnt), (20 bytes).
    Removing lv_roller.o(i.lv_roller_get_options), (12 bytes).
    Removing lv_roller.o(i.lv_roller_get_selected), (36 bytes).
    Removing lv_roller.o(i.lv_roller_get_selected_str), (90 bytes).
    Removing lv_roller.o(i.lv_roller_label_event), (116 bytes).
    Removing lv_roller.o(i.lv_roller_set_options), (212 bytes).
    Removing lv_roller.o(i.lv_roller_set_selected), (64 bytes).
    Removing lv_roller.o(i.lv_roller_set_visible_row_count), (52 bytes).
    Removing lv_roller.o(i.refr_position), (268 bytes).
    Removing lv_roller.o(i.release_handler), (312 bytes).
    Removing lv_roller.o(i.scroll_anim_ready_cb), (14 bytes).
    Removing lv_roller.o(i.set_y_anim), (10 bytes).
    Removing lv_roller.o(.constdata), (56 bytes).
    Removing lv_slider.o(i.draw_knob), (396 bytes).
    Removing lv_slider.o(i.lv_area_copy), (18 bytes).
    Removing lv_slider.o(i.lv_obj_get_style_base_dir), (16 bytes).
    Removing lv_slider.o(i.lv_obj_get_style_pad_bottom), (16 bytes).
    Removing lv_slider.o(i.lv_obj_get_style_pad_left), (16 bytes).
    Removing lv_slider.o(i.lv_obj_get_style_pad_right), (16 bytes).
    Removing lv_slider.o(i.lv_obj_get_style_pad_top), (16 bytes).
    Removing lv_slider.o(i.lv_obj_get_style_transform_height), (16 bytes).
    Removing lv_slider.o(i.lv_obj_get_style_transform_width), (16 bytes).
    Removing lv_slider.o(i.lv_slider_constructor), (88 bytes).
    Removing lv_slider.o(i.lv_slider_create), (24 bytes).
    Removing lv_slider.o(i.lv_slider_event), (1234 bytes).
    Removing lv_slider.o(i.lv_slider_get_mode), (18 bytes).
    Removing lv_slider.o(i.lv_slider_is_dragged), (10 bytes).
    Removing lv_slider.o(i.position_knob), (162 bytes).
    Removing lv_slider.o(.constdata), (28 bytes).
    Removing lv_switch.o(i.draw_main), (340 bytes).
    Removing lv_switch.o(i.lv_obj_get_style_pad_bottom), (16 bytes).
    Removing lv_switch.o(i.lv_obj_get_style_pad_left), (16 bytes).
    Removing lv_switch.o(i.lv_obj_get_style_pad_right), (16 bytes).
    Removing lv_switch.o(i.lv_obj_get_style_pad_top), (16 bytes).
    Removing lv_switch.o(i.lv_switch_anim_exec_cb), (10 bytes).
    Removing lv_switch.o(i.lv_switch_anim_ready), (16 bytes).
    Removing lv_switch.o(i.lv_switch_constructor), (38 bytes).
    Removing lv_switch.o(i.lv_switch_create), (24 bytes).
    Removing lv_switch.o(i.lv_switch_destructor), (12 bytes).
    Removing lv_switch.o(i.lv_switch_event), (220 bytes).
    Removing lv_switch.o(i.lv_switch_trigger_anim), (128 bytes).
    Removing lv_switch.o(.constdata), (28 bytes).
    Removing lv_table.o(i.draw_main), (1222 bytes).
    Removing lv_table.o(i.get_pressed_cell), (224 bytes).
    Removing lv_table.o(i.get_row_height), (238 bytes).
    Removing lv_table.o(i.lv_obj_get_style_base_dir), (16 bytes).
    Removing lv_table.o(i.lv_obj_get_style_max_height), (16 bytes).
    Removing lv_table.o(i.lv_obj_get_style_min_height), (16 bytes).
    Removing lv_table.o(i.lv_obj_get_style_pad_bottom), (16 bytes).
    Removing lv_table.o(i.lv_obj_get_style_pad_left), (16 bytes).
    Removing lv_table.o(i.lv_obj_get_style_pad_right), (16 bytes).
    Removing lv_table.o(i.lv_obj_get_style_pad_top), (16 bytes).
    Removing lv_table.o(i.lv_obj_get_style_text_font), (16 bytes).
    Removing lv_table.o(i.lv_obj_get_style_text_letter_space), (16 bytes).
    Removing lv_table.o(i.lv_obj_get_style_text_line_space), (16 bytes).
    Removing lv_table.o(i.lv_table_add_cell_ctrl), (96 bytes).
    Removing lv_table.o(i.lv_table_clear_cell_ctrl), (96 bytes).
    Removing lv_table.o(i.lv_table_constructor), (60 bytes).
    Removing lv_table.o(i.lv_table_create), (24 bytes).
    Removing lv_table.o(i.lv_table_destructor), (72 bytes).
    Removing lv_table.o(i.lv_table_event), (432 bytes).
    Removing lv_table.o(i.lv_table_get_cell_value), (40 bytes).
    Removing lv_table.o(i.lv_table_get_col_cnt), (4 bytes).
    Removing lv_table.o(i.lv_table_get_col_width), (18 bytes).
    Removing lv_table.o(i.lv_table_get_row_cnt), (4 bytes).
    Removing lv_table.o(i.lv_table_get_selected_cell), (10 bytes).
    Removing lv_table.o(i.lv_table_has_cell_ctrl), (42 bytes).
    Removing lv_table.o(i.lv_table_set_cell_value), (130 bytes).
    Removing lv_table.o(i.lv_table_set_cell_value_fmt), (312 bytes).
    Removing lv_table.o(i.lv_table_set_col_cnt), (206 bytes).
    Removing lv_table.o(i.lv_table_set_col_width), (40 bytes).
    Removing lv_table.o(i.lv_table_set_row_cnt), (124 bytes).
    Removing lv_table.o(i.refr_size), (184 bytes).
    Removing lv_table.o(.constdata), (28 bytes).
    Removing lv_textarea.o(i.char_is_accepted), (96 bytes).
    Removing lv_textarea.o(i.cursor_blink_anim_cb), (104 bytes).
    Removing lv_textarea.o(i.draw_cursor), (284 bytes).
    Removing lv_textarea.o(i.draw_placeholder), (156 bytes).
    Removing lv_textarea.o(i.insert_handler), (64 bytes).
    Removing lv_textarea.o(i.label_event_cb), (54 bytes).
    Removing lv_textarea.o(i.lv_area_copy), (18 bytes).
    Removing lv_textarea.o(i.lv_obj_get_style_border_width), (16 bytes).
    Removing lv_textarea.o(i.lv_obj_get_style_pad_left), (16 bytes).
    Removing lv_textarea.o(i.lv_obj_get_style_pad_top), (16 bytes).
    Removing lv_textarea.o(i.lv_obj_get_style_text_font), (16 bytes).
    Removing lv_textarea.o(i.lv_obj_get_style_text_line_space), (16 bytes).
    Removing lv_textarea.o(i.lv_pct), (20 bytes).
    Removing lv_textarea.o(i.lv_textarea_add_char), (264 bytes).
    Removing lv_textarea.o(i.lv_textarea_add_text), (292 bytes).
    Removing lv_textarea.o(i.lv_textarea_clear_selection), (48 bytes).
    Removing lv_textarea.o(i.lv_textarea_constructor), (140 bytes).
    Removing lv_textarea.o(i.lv_textarea_create), (24 bytes).
    Removing lv_textarea.o(i.lv_textarea_cursor_down), (92 bytes).
    Removing lv_textarea.o(i.lv_textarea_cursor_left), (16 bytes).
    Removing lv_textarea.o(i.lv_textarea_cursor_right), (12 bytes).
    Removing lv_textarea.o(i.lv_textarea_cursor_up), (74 bytes).
    Removing lv_textarea.o(i.lv_textarea_del_char), (152 bytes).
    Removing lv_textarea.o(i.lv_textarea_del_char_forward), (26 bytes).
    Removing lv_textarea.o(i.lv_textarea_destructor), (32 bytes).
    Removing lv_textarea.o(i.lv_textarea_event), (240 bytes).
    Removing lv_textarea.o(i.lv_textarea_get_accepted_chars), (4 bytes).
    Removing lv_textarea.o(i.lv_textarea_get_cursor_click_pos), (10 bytes).
    Removing lv_textarea.o(i.lv_textarea_get_cursor_pos), (4 bytes).
    Removing lv_textarea.o(i.lv_textarea_get_label), (4 bytes).
    Removing lv_textarea.o(i.lv_textarea_get_max_length), (4 bytes).
    Removing lv_textarea.o(i.lv_textarea_get_one_line), (10 bytes).
    Removing lv_textarea.o(i.lv_textarea_get_password_mode), (10 bytes).
    Removing lv_textarea.o(i.lv_textarea_get_password_show_time), (4 bytes).
    Removing lv_textarea.o(i.lv_textarea_get_placeholder_text), (16 bytes).
    Removing lv_textarea.o(i.lv_textarea_get_text), (22 bytes).
    Removing lv_textarea.o(i.lv_textarea_get_text_selection), (10 bytes).
    Removing lv_textarea.o(i.lv_textarea_set_accepted_chars), (4 bytes).
    Removing lv_textarea.o(i.lv_textarea_set_align), (52 bytes).
    Removing lv_textarea.o(i.lv_textarea_set_cursor_click_pos), (16 bytes).
    Removing lv_textarea.o(i.lv_textarea_set_cursor_pos), (236 bytes).
    Removing lv_textarea.o(i.lv_textarea_set_insert_replace), (12 bytes).
    Removing lv_textarea.o(i.lv_textarea_set_max_length), (4 bytes).
    Removing lv_textarea.o(i.lv_textarea_set_one_line), (128 bytes).
    Removing lv_textarea.o(i.lv_textarea_set_password_mode), (110 bytes).
    Removing lv_textarea.o(i.lv_textarea_set_password_show_time), (4 bytes).
    Removing lv_textarea.o(i.lv_textarea_set_placeholder_text), (80 bytes).
    Removing lv_textarea.o(i.lv_textarea_set_text), (276 bytes).
    Removing lv_textarea.o(i.lv_textarea_set_text_selection), (28 bytes).
    Removing lv_textarea.o(i.lv_textarea_text_is_selected), (40 bytes).
    Removing lv_textarea.o(i.pwd_char_hider), (152 bytes).
    Removing lv_textarea.o(i.pwd_char_hider_anim), (2 bytes).
    Removing lv_textarea.o(i.pwd_char_hider_anim_ready), (10 bytes).
    Removing lv_textarea.o(i.refr_cursor_area), (524 bytes).
    Removing lv_textarea.o(i.start_cursor_blink), (100 bytes).
    Removing lv_textarea.o(i.update_cursor_position_on_click), (384 bytes).
    Removing lv_textarea.o(.constdata), (28 bytes).
    Removing lv_textarea.o(.data), (4 bytes).
    Removing touch.o(i.__ARM_common_switch8), (26 bytes).
    Removing lv_tlsf.o(i.__ARM_clz), (46 bytes).

2230 unused section(s) (total 322027 bytes) removed from the image.

==============================================================================

Image Symbol Table

    Local Symbols

    Symbol Name                              Value     Ov Type        Size  Object(Section)

    ../Core/Src/gpio.c                       0x00000000   Number         0  gpio.o ABSOLUTE
    ../Core/Src/main.c                       0x00000000   Number         0  main.o ABSOLUTE
    ../Core/Src/stm32f0xx_hal_msp.c          0x00000000   Number         0  stm32f0xx_hal_msp.o ABSOLUTE
    ../Core/Src/stm32f0xx_it.c               0x00000000   Number         0  stm32f0xx_it.o ABSOLUTE
    ../Core/Src/system_stm32f0xx.c           0x00000000   Number         0  system_stm32f0xx.o ABSOLUTE
    ../Drivers/STM32F0xx_HAL_Driver/Src/stm32f0xx_hal.c 0x00000000   Number         0  stm32f0xx_hal.o ABSOLUTE
    ../Drivers/STM32F0xx_HAL_Driver/Src/stm32f0xx_hal_cortex.c 0x00000000   Number         0  stm32f0xx_hal_cortex.o ABSOLUTE
    ../Drivers/STM32F0xx_HAL_Driver/Src/stm32f0xx_hal_dma.c 0x00000000   Number         0  stm32f0xx_hal_dma.o ABSOLUTE
    ../Drivers/STM32F0xx_HAL_Driver/Src/stm32f0xx_hal_exti.c 0x00000000   Number         0  stm32f0xx_hal_exti.o ABSOLUTE
    ../Drivers/STM32F0xx_HAL_Driver/Src/stm32f0xx_hal_flash.c 0x00000000   Number         0  stm32f0xx_hal_flash.o ABSOLUTE
    ../Drivers/STM32F0xx_HAL_Driver/Src/stm32f0xx_hal_flash_ex.c 0x00000000   Number         0  stm32f0xx_hal_flash_ex.o ABSOLUTE
    ../Drivers/STM32F0xx_HAL_Driver/Src/stm32f0xx_hal_gpio.c 0x00000000   Number         0  stm32f0xx_hal_gpio.o ABSOLUTE
    ../Drivers/STM32F0xx_HAL_Driver/Src/stm32f0xx_hal_i2c.c 0x00000000   Number         0  stm32f0xx_hal_i2c.o ABSOLUTE
    ../Drivers/STM32F0xx_HAL_Driver/Src/stm32f0xx_hal_i2c_ex.c 0x00000000   Number         0  stm32f0xx_hal_i2c_ex.o ABSOLUTE
    ../Drivers/STM32F0xx_HAL_Driver/Src/stm32f0xx_hal_pwr.c 0x00000000   Number         0  stm32f0xx_hal_pwr.o ABSOLUTE
    ../Drivers/STM32F0xx_HAL_Driver/Src/stm32f0xx_hal_pwr_ex.c 0x00000000   Number         0  stm32f0xx_hal_pwr_ex.o ABSOLUTE
    ../Drivers/STM32F0xx_HAL_Driver/Src/stm32f0xx_hal_rcc.c 0x00000000   Number         0  stm32f0xx_hal_rcc.o ABSOLUTE
    ../Drivers/STM32F0xx_HAL_Driver/Src/stm32f0xx_hal_rcc_ex.c 0x00000000   Number         0  stm32f0xx_hal_rcc_ex.o ABSOLUTE
    ../Drivers/STM32F0xx_HAL_Driver/Src/stm32f0xx_hal_tim.c 0x00000000   Number         0  stm32f0xx_hal_tim.o ABSOLUTE
    ../Drivers/STM32F0xx_HAL_Driver/Src/stm32f0xx_hal_tim_ex.c 0x00000000   Number         0  stm32f0xx_hal_tim_ex.o ABSOLUTE
    ../clib/angel/boardlib.s                 0x00000000   Number         0  boardinit2.o ABSOLUTE
    ../clib/angel/boardlib.s                 0x00000000   Number         0  boardinit1.o ABSOLUTE
    ../clib/angel/boardlib.s                 0x00000000   Number         0  boardshut.o ABSOLUTE
    ../clib/angel/boardlib.s                 0x00000000   Number         0  boardinit3.o ABSOLUTE
    ../clib/angel/handlers.s                 0x00000000   Number         0  __scatter_zi.o ABSOLUTE
    ../clib/angel/handlers.s                 0x00000000   Number         0  __scatter_copy.o ABSOLUTE
    ../clib/angel/kernel.s                   0x00000000   Number         0  rtexit.o ABSOLUTE
    ../clib/angel/kernel.s                   0x00000000   Number         0  rtexit2.o ABSOLUTE
    ../clib/angel/kernel.s                   0x00000000   Number         0  __rtentry2.o ABSOLUTE
    ../clib/angel/kernel.s                   0x00000000   Number         0  __rtentry4.o ABSOLUTE
    ../clib/angel/kernel.s                   0x00000000   Number         0  __rtentry.o ABSOLUTE
    ../clib/angel/rt.s                       0x00000000   Number         0  aeabi_ldiv0_sigfpe.o ABSOLUTE
    ../clib/angel/rt.s                       0x00000000   Number         0  aeabi_ldiv0.o ABSOLUTE
    ../clib/angel/rt.s                       0x00000000   Number         0  aeabi_idiv0_sigfpe.o ABSOLUTE
    ../clib/angel/rt.s                       0x00000000   Number         0  rt_div0.o ABSOLUTE
    ../clib/angel/rt.s                       0x00000000   Number         0  aeabi_idiv0.o ABSOLUTE
    ../clib/angel/rt.s                       0x00000000   Number         0  rt_raise.o ABSOLUTE
    ../clib/angel/scatterp.s                 0x00000000   Number         0  __scatter.o ABSOLUTE
    ../clib/angel/startup.s                  0x00000000   Number         0  __main.o ABSOLUTE
    ../clib/angel/sys.s                      0x00000000   Number         0  sys_stackheap_outer.o ABSOLUTE
    ../clib/angel/sys.s                      0x00000000   Number         0  tempstk.o ABSOLUTE
    ../clib/angel/sys.s                      0x00000000   Number         0  libspace.o ABSOLUTE
    ../clib/angel/sys.s                      0x00000000   Number         0  use_no_semi.o ABSOLUTE
    ../clib/angel/sys.s                      0x00000000   Number         0  indicate_semi.o ABSOLUTE
    ../clib/angel/sysapp.c                   0x00000000   Number         0  sys_wrch.o ABSOLUTE
    ../clib/angel/sysapp.c                   0x00000000   Number         0  sys_command.o ABSOLUTE
    ../clib/angel/sysapp.c                   0x00000000   Number         0  sys_exit.o ABSOLUTE
    ../clib/armsys.c                         0x00000000   Number         0  argv_veneer.o ABSOLUTE
    ../clib/armsys.c                         0x00000000   Number         0  _get_argv_nomalloc.o ABSOLUTE
    ../clib/armsys.c                         0x00000000   Number         0  no_argv.o ABSOLUTE
    ../clib/division.c                       0x00000000   Number         0  lludiv.o ABSOLUTE
    ../clib/division.s                       0x00000000   Number         0  aeabi_sdiv_div0.o ABSOLUTE
    ../clib/division.s                       0x00000000   Number         0  aeabi_sdiv.o ABSOLUTE
    ../clib/heapalloc.c                      0x00000000   Number         0  hrguard.o ABSOLUTE
    ../clib/heapaux.c                        0x00000000   Number         0  heapauxi.o ABSOLUTE
    ../clib/libinit.s                        0x00000000   Number         0  libshutdown.o ABSOLUTE
    ../clib/libinit.s                        0x00000000   Number         0  libinit.o ABSOLUTE
    ../clib/libinit.s                        0x00000000   Number         0  libinit2.o ABSOLUTE
    ../clib/libinit.s                        0x00000000   Number         0  libshutdown2.o ABSOLUTE
    ../clib/longlong.c                       0x00000000   Number         0  llmul.o ABSOLUTE
    ../clib/longlong.c                       0x00000000   Number         0  llushr.o ABSOLUTE
    ../clib/memcpset.c                       0x00000000   Number         0  rt_memcpy.o ABSOLUTE
    ../clib/memcpset.c                       0x00000000   Number         0  rt_memclr.o ABSOLUTE
    ../clib/memcpset.c                       0x00000000   Number         0  rt_memmove.o ABSOLUTE
    ../clib/memcpset.c                       0x00000000   Number         0  rt_memcpy.o ABSOLUTE
    ../clib/signal.c                         0x00000000   Number         0  defsig_abrt_outer.o ABSOLUTE
    ../clib/signal.c                         0x00000000   Number         0  defsig_rtred_inner.o ABSOLUTE
    ../clib/signal.c                         0x00000000   Number         0  defsig_general.o ABSOLUTE
    ../clib/signal.c                         0x00000000   Number         0  defsig_abrt_inner.o ABSOLUTE
    ../clib/signal.c                         0x00000000   Number         0  defsig_exit.o ABSOLUTE
    ../clib/signal.c                         0x00000000   Number         0  defsig_rtmem_outer.o ABSOLUTE
    ../clib/signal.c                         0x00000000   Number         0  defsig_other.o ABSOLUTE
    ../clib/signal.c                         0x00000000   Number         0  defsig_segv_inner.o ABSOLUTE
    ../clib/signal.c                         0x00000000   Number         0  defsig_cppl_inner.o ABSOLUTE
    ../clib/signal.c                         0x00000000   Number         0  defsig_pvfn_inner.o ABSOLUTE
    ../clib/signal.c                         0x00000000   Number         0  defsig_abrt_formal.o ABSOLUTE
    ../clib/signal.c                         0x00000000   Number         0  defsig_stak_inner.o ABSOLUTE
    ../clib/signal.c                         0x00000000   Number         0  defsig_fpe_outer.o ABSOLUTE
    ../clib/signal.c                         0x00000000   Number         0  __raise.o ABSOLUTE
    ../clib/signal.c                         0x00000000   Number         0  defsig_rtmem_formal.o ABSOLUTE
    ../clib/signal.c                         0x00000000   Number         0  defsig_rtmem_inner.o ABSOLUTE
    ../clib/signal.c                         0x00000000   Number         0  defsig_fpe_formal.o ABSOLUTE
    ../clib/signal.c                         0x00000000   Number         0  defsig_fpe_inner.o ABSOLUTE
    ../clib/signal.s                         0x00000000   Number         0  defsig.o ABSOLUTE
    ../clib/stdlib.c                         0x00000000   Number         0  abort.o ABSOLUTE
    ../clib/stdlib.c                         0x00000000   Number         0  exit.o ABSOLUTE
    ../clib/string.c                         0x00000000   Number         0  strlen.o ABSOLUTE
    ../clib/string.c                         0x00000000   Number         0  strchr.o ABSOLUTE
    ../clib/string.c                         0x00000000   Number         0  memcmp.o ABSOLUTE
    ../clib/string.c                         0x00000000   Number         0  strcpy.o ABSOLUTE
    ../clib/string.c                         0x00000000   Number         0  strcmp.o ABSOLUTE
    ../clib/string.c                         0x00000000   Number         0  strcat.o ABSOLUTE
    ../fplib/cfplib/cmpret.c                 0x00000000   Number         0  cmpret.o ABSOLUTE
    ../fplib/cfplib/dcmpin.c                 0x00000000   Number         0  dcmpin.o ABSOLUTE
    ../fplib/cfplib/ddiv.c                   0x00000000   Number         0  ddiv.o ABSOLUTE
    ../fplib/cfplib/fdiv.c                   0x00000000   Number         0  fdiv.o ABSOLUTE
    ../fplib/cfplib/ffix.c                   0x00000000   Number         0  ffixui.o ABSOLUTE
    ../fplib/cfplib/fflt.c                   0x00000000   Number         0  fflti.o ABSOLUTE
    ../fplib/cfplib/fflt.c                   0x00000000   Number         0  dflti.o ABSOLUTE
    ../fplib/cfplib/fpinit.c                 0x00000000   Number         0  fpinit.o ABSOLUTE
    ../fplib/cfplib/nan2.c                   0x00000000   Number         0  dnan2.o ABSOLUTE
    ../fplib/cfplib/retnan.c                 0x00000000   Number         0  retnan.o ABSOLUTE
    ../fplib/dleqf6m.s                       0x00000000   Number         0  dlef.o ABSOLUTE
    ../fplib/drleqf6m.s                      0x00000000   Number         0  drlef.o ABSOLUTE
    ../fplib/faddsub6m.s                     0x00000000   Number         0  faddsub.o ABSOLUTE
    ../fplib/usenofp.s                       0x00000000   Number         0  usenofp.o ABSOLUTE
    ..\Core\Src\delay.c                      0x00000000   Number         0  delay.o ABSOLUTE
    ..\Core\Src\gpio.c                       0x00000000   Number         0  gpio.o ABSOLUTE
    ..\Core\Src\lcd.c                        0x00000000   Number         0  lcd.o ABSOLUTE
    ..\Core\Src\main.c                       0x00000000   Number         0  main.o ABSOLUTE
    ..\Core\Src\stm32f0xx_hal_msp.c          0x00000000   Number         0  stm32f0xx_hal_msp.o ABSOLUTE
    ..\Core\Src\stm32f0xx_it.c               0x00000000   Number         0  stm32f0xx_it.o ABSOLUTE
    ..\Core\Src\system_stm32f0xx.c           0x00000000   Number         0  system_stm32f0xx.o ABSOLUTE
    ..\Core\Src\touch.c                      0x00000000   Number         0  touch.o ABSOLUTE
    ..\Drivers\STM32F0xx_HAL_Driver\Src\stm32f0xx_hal.c 0x00000000   Number         0  stm32f0xx_hal.o ABSOLUTE
    ..\Drivers\STM32F0xx_HAL_Driver\Src\stm32f0xx_hal_cortex.c 0x00000000   Number         0  stm32f0xx_hal_cortex.o ABSOLUTE
    ..\Drivers\STM32F0xx_HAL_Driver\Src\stm32f0xx_hal_dma.c 0x00000000   Number         0  stm32f0xx_hal_dma.o ABSOLUTE
    ..\Drivers\STM32F0xx_HAL_Driver\Src\stm32f0xx_hal_exti.c 0x00000000   Number         0  stm32f0xx_hal_exti.o ABSOLUTE
    ..\Drivers\STM32F0xx_HAL_Driver\Src\stm32f0xx_hal_flash.c 0x00000000   Number         0  stm32f0xx_hal_flash.o ABSOLUTE
    ..\Drivers\STM32F0xx_HAL_Driver\Src\stm32f0xx_hal_flash_ex.c 0x00000000   Number         0  stm32f0xx_hal_flash_ex.o ABSOLUTE
    ..\Drivers\STM32F0xx_HAL_Driver\Src\stm32f0xx_hal_gpio.c 0x00000000   Number         0  stm32f0xx_hal_gpio.o ABSOLUTE
    ..\Drivers\STM32F0xx_HAL_Driver\Src\stm32f0xx_hal_i2c.c 0x00000000   Number         0  stm32f0xx_hal_i2c.o ABSOLUTE
    ..\Drivers\STM32F0xx_HAL_Driver\Src\stm32f0xx_hal_i2c_ex.c 0x00000000   Number         0  stm32f0xx_hal_i2c_ex.o ABSOLUTE
    ..\Drivers\STM32F0xx_HAL_Driver\Src\stm32f0xx_hal_pwr.c 0x00000000   Number         0  stm32f0xx_hal_pwr.o ABSOLUTE
    ..\Drivers\STM32F0xx_HAL_Driver\Src\stm32f0xx_hal_pwr_ex.c 0x00000000   Number         0  stm32f0xx_hal_pwr_ex.o ABSOLUTE
    ..\Drivers\STM32F0xx_HAL_Driver\Src\stm32f0xx_hal_rcc.c 0x00000000   Number         0  stm32f0xx_hal_rcc.o ABSOLUTE
    ..\Drivers\STM32F0xx_HAL_Driver\Src\stm32f0xx_hal_rcc_ex.c 0x00000000   Number         0  stm32f0xx_hal_rcc_ex.o ABSOLUTE
    ..\Drivers\STM32F0xx_HAL_Driver\Src\stm32f0xx_hal_tim.c 0x00000000   Number         0  stm32f0xx_hal_tim.o ABSOLUTE
    ..\Drivers\STM32F0xx_HAL_Driver\Src\stm32f0xx_hal_tim_ex.c 0x00000000   Number         0  stm32f0xx_hal_tim_ex.o ABSOLUTE
    ..\Middlewares\LVGL\GUI\lvgl\examples\porting\lv_port_disp_template.c 0x00000000   Number         0  lv_port_disp_template.o ABSOLUTE
    ..\Middlewares\LVGL\GUI\lvgl\examples\porting\lv_port_fs_template.c 0x00000000   Number         0  lv_port_fs_template.o ABSOLUTE
    ..\Middlewares\LVGL\GUI\lvgl\examples\porting\lv_port_indev_template.c 0x00000000   Number         0  lv_port_indev_template.o ABSOLUTE
    ..\Middlewares\LVGL\GUI\lvgl\src\core\lv_disp.c 0x00000000   Number         0  lv_disp.o ABSOLUTE
    ..\Middlewares\LVGL\GUI\lvgl\src\core\lv_event.c 0x00000000   Number         0  lv_event.o ABSOLUTE
    ..\Middlewares\LVGL\GUI\lvgl\src\core\lv_group.c 0x00000000   Number         0  lv_group.o ABSOLUTE
    ..\Middlewares\LVGL\GUI\lvgl\src\core\lv_indev.c 0x00000000   Number         0  lv_indev.o ABSOLUTE
    ..\Middlewares\LVGL\GUI\lvgl\src\core\lv_indev_scroll.c 0x00000000   Number         0  lv_indev_scroll.o ABSOLUTE
    ..\Middlewares\LVGL\GUI\lvgl\src\core\lv_obj.c 0x00000000   Number         0  lv_obj.o ABSOLUTE
    ..\Middlewares\LVGL\GUI\lvgl\src\core\lv_obj_class.c 0x00000000   Number         0  lv_obj_class.o ABSOLUTE
    ..\Middlewares\LVGL\GUI\lvgl\src\core\lv_obj_draw.c 0x00000000   Number         0  lv_obj_draw.o ABSOLUTE
    ..\Middlewares\LVGL\GUI\lvgl\src\core\lv_obj_pos.c 0x00000000   Number         0  lv_obj_pos.o ABSOLUTE
    ..\Middlewares\LVGL\GUI\lvgl\src\core\lv_obj_scroll.c 0x00000000   Number         0  lv_obj_scroll.o ABSOLUTE
    ..\Middlewares\LVGL\GUI\lvgl\src\core\lv_obj_style.c 0x00000000   Number         0  lv_obj_style.o ABSOLUTE
    ..\Middlewares\LVGL\GUI\lvgl\src\core\lv_obj_style_gen.c 0x00000000   Number         0  lv_obj_style_gen.o ABSOLUTE
    ..\Middlewares\LVGL\GUI\lvgl\src\core\lv_obj_tree.c 0x00000000   Number         0  lv_obj_tree.o ABSOLUTE
    ..\Middlewares\LVGL\GUI\lvgl\src\core\lv_refr.c 0x00000000   Number         0  lv_refr.o ABSOLUTE
    ..\Middlewares\LVGL\GUI\lvgl\src\core\lv_theme.c 0x00000000   Number         0  lv_theme.o ABSOLUTE
    ..\Middlewares\LVGL\GUI\lvgl\src\draw\lv_draw.c 0x00000000   Number         0  lv_draw.o ABSOLUTE
    ..\Middlewares\LVGL\GUI\lvgl\src\draw\lv_draw_arc.c 0x00000000   Number         0  lv_draw_arc.o ABSOLUTE
    ..\Middlewares\LVGL\GUI\lvgl\src\draw\lv_draw_img.c 0x00000000   Number         0  lv_draw_img.o ABSOLUTE
    ..\Middlewares\LVGL\GUI\lvgl\src\draw\lv_draw_label.c 0x00000000   Number         0  lv_draw_label.o ABSOLUTE
    ..\Middlewares\LVGL\GUI\lvgl\src\draw\lv_draw_line.c 0x00000000   Number         0  lv_draw_line.o ABSOLUTE
    ..\Middlewares\LVGL\GUI\lvgl\src\draw\lv_draw_mask.c 0x00000000   Number         0  lv_draw_mask.o ABSOLUTE
    ..\Middlewares\LVGL\GUI\lvgl\src\draw\lv_draw_rect.c 0x00000000   Number         0  lv_draw_rect.o ABSOLUTE
    ..\Middlewares\LVGL\GUI\lvgl\src\draw\lv_draw_triangle.c 0x00000000   Number         0  lv_draw_triangle.o ABSOLUTE
    ..\Middlewares\LVGL\GUI\lvgl\src\draw\lv_img_buf.c 0x00000000   Number         0  lv_img_buf.o ABSOLUTE
    ..\Middlewares\LVGL\GUI\lvgl\src\draw\lv_img_cache.c 0x00000000   Number         0  lv_img_cache.o ABSOLUTE
    ..\Middlewares\LVGL\GUI\lvgl\src\draw\lv_img_decoder.c 0x00000000   Number         0  lv_img_decoder.o ABSOLUTE
    ..\Middlewares\LVGL\GUI\lvgl\src\draw\sdl\lv_draw_sdl.c 0x00000000   Number         0  lv_draw_sdl.o ABSOLUTE
    ..\Middlewares\LVGL\GUI\lvgl\src\draw\sdl\lv_draw_sdl_arc.c 0x00000000   Number         0  lv_draw_sdl_arc.o ABSOLUTE
    ..\Middlewares\LVGL\GUI\lvgl\src\draw\sdl\lv_draw_sdl_bg.c 0x00000000   Number         0  lv_draw_sdl_bg.o ABSOLUTE
    ..\Middlewares\LVGL\GUI\lvgl\src\draw\sdl\lv_draw_sdl_composite.c 0x00000000   Number         0  lv_draw_sdl_composite.o ABSOLUTE
    ..\Middlewares\LVGL\GUI\lvgl\src\draw\sdl\lv_draw_sdl_img.c 0x00000000   Number         0  lv_draw_sdl_img.o ABSOLUTE
    ..\Middlewares\LVGL\GUI\lvgl\src\draw\sdl\lv_draw_sdl_label.c 0x00000000   Number         0  lv_draw_sdl_label.o ABSOLUTE
    ..\Middlewares\LVGL\GUI\lvgl\src\draw\sdl\lv_draw_sdl_line.c 0x00000000   Number         0  lv_draw_sdl_line.o ABSOLUTE
    ..\Middlewares\LVGL\GUI\lvgl\src\draw\sdl\lv_draw_sdl_mask.c 0x00000000   Number         0  lv_draw_sdl_mask.o ABSOLUTE
    ..\Middlewares\LVGL\GUI\lvgl\src\draw\sdl\lv_draw_sdl_polygon.c 0x00000000   Number         0  lv_draw_sdl_polygon.o ABSOLUTE
    ..\Middlewares\LVGL\GUI\lvgl\src\draw\sdl\lv_draw_sdl_rect.c 0x00000000   Number         0  lv_draw_sdl_rect.o ABSOLUTE
    ..\Middlewares\LVGL\GUI\lvgl\src\draw\sdl\lv_draw_sdl_stack_blur.c 0x00000000   Number         0  lv_draw_sdl_stack_blur.o ABSOLUTE
    ..\Middlewares\LVGL\GUI\lvgl\src\draw\sdl\lv_draw_sdl_texture_cache.c 0x00000000   Number         0  lv_draw_sdl_texture_cache.o ABSOLUTE
    ..\Middlewares\LVGL\GUI\lvgl\src\draw\sdl\lv_draw_sdl_utils.c 0x00000000   Number         0  lv_draw_sdl_utils.o ABSOLUTE
    ..\Middlewares\LVGL\GUI\lvgl\src\draw\stm32_dma2d\lv_gpu_stm32_dma2d.c 0x00000000   Number         0  lv_gpu_stm32_dma2d.o ABSOLUTE
    ..\Middlewares\LVGL\GUI\lvgl\src\draw\sw\lv_draw_sw.c 0x00000000   Number         0  lv_draw_sw.o ABSOLUTE
    ..\Middlewares\LVGL\GUI\lvgl\src\draw\sw\lv_draw_sw_arc.c 0x00000000   Number         0  lv_draw_sw_arc.o ABSOLUTE
    ..\Middlewares\LVGL\GUI\lvgl\src\draw\sw\lv_draw_sw_blend.c 0x00000000   Number         0  lv_draw_sw_blend.o ABSOLUTE
    ..\Middlewares\LVGL\GUI\lvgl\src\draw\sw\lv_draw_sw_dither.c 0x00000000   Number         0  lv_draw_sw_dither.o ABSOLUTE
    ..\Middlewares\LVGL\GUI\lvgl\src\draw\sw\lv_draw_sw_gradient.c 0x00000000   Number         0  lv_draw_sw_gradient.o ABSOLUTE
    ..\Middlewares\LVGL\GUI\lvgl\src\draw\sw\lv_draw_sw_img.c 0x00000000   Number         0  lv_draw_sw_img.o ABSOLUTE
    ..\Middlewares\LVGL\GUI\lvgl\src\draw\sw\lv_draw_sw_letter.c 0x00000000   Number         0  lv_draw_sw_letter.o ABSOLUTE
    ..\Middlewares\LVGL\GUI\lvgl\src\draw\sw\lv_draw_sw_line.c 0x00000000   Number         0  lv_draw_sw_line.o ABSOLUTE
    ..\Middlewares\LVGL\GUI\lvgl\src\draw\sw\lv_draw_sw_polygon.c 0x00000000   Number         0  lv_draw_sw_polygon.o ABSOLUTE
    ..\Middlewares\LVGL\GUI\lvgl\src\draw\sw\lv_draw_sw_rect.c 0x00000000   Number         0  lv_draw_sw_rect.o ABSOLUTE
    ..\Middlewares\LVGL\GUI\lvgl\src\extra\layouts\flex\lv_flex.c 0x00000000   Number         0  lv_flex.o ABSOLUTE
    ..\Middlewares\LVGL\GUI\lvgl\src\extra\layouts\grid\lv_grid.c 0x00000000   Number         0  lv_grid.o ABSOLUTE
    ..\Middlewares\LVGL\GUI\lvgl\src\extra\libs\bmp\lv_bmp.c 0x00000000   Number         0  lv_bmp.o ABSOLUTE
    ..\Middlewares\LVGL\GUI\lvgl\src\extra\libs\ffmpeg\lv_ffmpeg.c 0x00000000   Number         0  lv_ffmpeg.o ABSOLUTE
    ..\Middlewares\LVGL\GUI\lvgl\src\extra\libs\freetype\lv_freetype.c 0x00000000   Number         0  lv_freetype.o ABSOLUTE
    ..\Middlewares\LVGL\GUI\lvgl\src\extra\libs\fsdrv\lv_fs_fatfs.c 0x00000000   Number         0  lv_fs_fatfs.o ABSOLUTE
    ..\Middlewares\LVGL\GUI\lvgl\src\extra\libs\fsdrv\lv_fs_posix.c 0x00000000   Number         0  lv_fs_posix.o ABSOLUTE
    ..\Middlewares\LVGL\GUI\lvgl\src\extra\libs\fsdrv\lv_fs_stdio.c 0x00000000   Number         0  lv_fs_stdio.o ABSOLUTE
    ..\Middlewares\LVGL\GUI\lvgl\src\extra\libs\fsdrv\lv_fs_win32.c 0x00000000   Number         0  lv_fs_win32.o ABSOLUTE
    ..\Middlewares\LVGL\GUI\lvgl\src\extra\libs\gif\gifdec.c 0x00000000   Number         0  gifdec.o ABSOLUTE
    ..\Middlewares\LVGL\GUI\lvgl\src\extra\libs\gif\lv_gif.c 0x00000000   Number         0  lv_gif.o ABSOLUTE
    ..\Middlewares\LVGL\GUI\lvgl\src\extra\libs\png\lodepng.c 0x00000000   Number         0  lodepng.o ABSOLUTE
    ..\Middlewares\LVGL\GUI\lvgl\src\extra\libs\png\lv_png.c 0x00000000   Number         0  lv_png.o ABSOLUTE
    ..\Middlewares\LVGL\GUI\lvgl\src\extra\libs\qrcode\lv_qrcode.c 0x00000000   Number         0  lv_qrcode.o ABSOLUTE
    ..\Middlewares\LVGL\GUI\lvgl\src\extra\libs\qrcode\qrcodegen.c 0x00000000   Number         0  qrcodegen.o ABSOLUTE
    ..\Middlewares\LVGL\GUI\lvgl\src\extra\libs\rlottie\lv_rlottie.c 0x00000000   Number         0  lv_rlottie.o ABSOLUTE
    ..\Middlewares\LVGL\GUI\lvgl\src\extra\libs\sjpg\lv_sjpg.c 0x00000000   Number         0  lv_sjpg.o ABSOLUTE
    ..\Middlewares\LVGL\GUI\lvgl\src\extra\libs\sjpg\tjpgd.c 0x00000000   Number         0  tjpgd.o ABSOLUTE
    ..\Middlewares\LVGL\GUI\lvgl\src\extra\lv_extra.c 0x00000000   Number         0  lv_extra.o ABSOLUTE
    ..\Middlewares\LVGL\GUI\lvgl\src\extra\others\gridnav\lv_gridnav.c 0x00000000   Number         0  lv_gridnav.o ABSOLUTE
    ..\Middlewares\LVGL\GUI\lvgl\src\extra\others\monkey\lv_monkey.c 0x00000000   Number         0  lv_monkey.o ABSOLUTE
    ..\Middlewares\LVGL\GUI\lvgl\src\extra\others\snapshot\lv_snapshot.c 0x00000000   Number         0  lv_snapshot.o ABSOLUTE
    ..\Middlewares\LVGL\GUI\lvgl\src\extra\themes\basic\lv_theme_basic.c 0x00000000   Number         0  lv_theme_basic.o ABSOLUTE
    ..\Middlewares\LVGL\GUI\lvgl\src\extra\themes\default\lv_theme_default.c 0x00000000   Number         0  lv_theme_default.o ABSOLUTE
    ..\Middlewares\LVGL\GUI\lvgl\src\extra\themes\mono\lv_theme_mono.c 0x00000000   Number         0  lv_theme_mono.o ABSOLUTE
    ..\Middlewares\LVGL\GUI\lvgl\src\extra\widgets\animimg\lv_animimg.c 0x00000000   Number         0  lv_animimg.o ABSOLUTE
    ..\Middlewares\LVGL\GUI\lvgl\src\extra\widgets\calendar\lv_calendar.c 0x00000000   Number         0  lv_calendar.o ABSOLUTE
    ..\Middlewares\LVGL\GUI\lvgl\src\extra\widgets\calendar\lv_calendar_header_arrow.c 0x00000000   Number         0  lv_calendar_header_arrow.o ABSOLUTE
    ..\Middlewares\LVGL\GUI\lvgl\src\extra\widgets\calendar\lv_calendar_header_dropdown.c 0x00000000   Number         0  lv_calendar_header_dropdown.o ABSOLUTE
    ..\Middlewares\LVGL\GUI\lvgl\src\extra\widgets\chart\lv_chart.c 0x00000000   Number         0  lv_chart.o ABSOLUTE
    ..\Middlewares\LVGL\GUI\lvgl\src\extra\widgets\colorwheel\lv_colorwheel.c 0x00000000   Number         0  lv_colorwheel.o ABSOLUTE
    ..\Middlewares\LVGL\GUI\lvgl\src\extra\widgets\imgbtn\lv_imgbtn.c 0x00000000   Number         0  lv_imgbtn.o ABSOLUTE
    ..\Middlewares\LVGL\GUI\lvgl\src\extra\widgets\keyboard\lv_keyboard.c 0x00000000   Number         0  lv_keyboard.o ABSOLUTE
    ..\Middlewares\LVGL\GUI\lvgl\src\extra\widgets\led\lv_led.c 0x00000000   Number         0  lv_led.o ABSOLUTE
    ..\Middlewares\LVGL\GUI\lvgl\src\extra\widgets\list\lv_list.c 0x00000000   Number         0  lv_list.o ABSOLUTE
    ..\Middlewares\LVGL\GUI\lvgl\src\extra\widgets\menu\lv_menu.c 0x00000000   Number         0  lv_menu.o ABSOLUTE
    ..\Middlewares\LVGL\GUI\lvgl\src\extra\widgets\meter\lv_meter.c 0x00000000   Number         0  lv_meter.o ABSOLUTE
    ..\Middlewares\LVGL\GUI\lvgl\src\extra\widgets\msgbox\lv_msgbox.c 0x00000000   Number         0  lv_msgbox.o ABSOLUTE
    ..\Middlewares\LVGL\GUI\lvgl\src\extra\widgets\span\lv_span.c 0x00000000   Number         0  lv_span.o ABSOLUTE
    ..\Middlewares\LVGL\GUI\lvgl\src\extra\widgets\spinbox\lv_spinbox.c 0x00000000   Number         0  lv_spinbox.o ABSOLUTE
    ..\Middlewares\LVGL\GUI\lvgl\src\extra\widgets\spinner\lv_spinner.c 0x00000000   Number         0  lv_spinner.o ABSOLUTE
    ..\Middlewares\LVGL\GUI\lvgl\src\extra\widgets\tabview\lv_tabview.c 0x00000000   Number         0  lv_tabview.o ABSOLUTE
    ..\Middlewares\LVGL\GUI\lvgl\src\extra\widgets\tileview\lv_tileview.c 0x00000000   Number         0  lv_tileview.o ABSOLUTE
    ..\Middlewares\LVGL\GUI\lvgl\src\extra\widgets\win\lv_win.c 0x00000000   Number         0  lv_win.o ABSOLUTE
    ..\Middlewares\LVGL\GUI\lvgl\src\font\lv_font.c 0x00000000   Number         0  lv_font.o ABSOLUTE
    ..\Middlewares\LVGL\GUI\lvgl\src\font\lv_font_dejavu_16_persian_hebrew.c 0x00000000   Number         0  lv_font_dejavu_16_persian_hebrew.o ABSOLUTE
    ..\Middlewares\LVGL\GUI\lvgl\src\font\lv_font_fmt_txt.c 0x00000000   Number         0  lv_font_fmt_txt.o ABSOLUTE
    ..\Middlewares\LVGL\GUI\lvgl\src\font\lv_font_loader.c 0x00000000   Number         0  lv_font_loader.o ABSOLUTE
    ..\Middlewares\LVGL\GUI\lvgl\src\font\lv_font_montserrat_10.c 0x00000000   Number         0  lv_font_montserrat_10.o ABSOLUTE
    ..\Middlewares\LVGL\GUI\lvgl\src\font\lv_font_montserrat_12.c 0x00000000   Number         0  lv_font_montserrat_12.o ABSOLUTE
    ..\Middlewares\LVGL\GUI\lvgl\src\font\lv_font_montserrat_12_subpx.c 0x00000000   Number         0  lv_font_montserrat_12_subpx.o ABSOLUTE
    ..\Middlewares\LVGL\GUI\lvgl\src\font\lv_font_montserrat_14.c 0x00000000   Number         0  lv_font_montserrat_14.o ABSOLUTE
    ..\Middlewares\LVGL\GUI\lvgl\src\font\lv_font_montserrat_16.c 0x00000000   Number         0  lv_font_montserrat_16.o ABSOLUTE
    ..\Middlewares\LVGL\GUI\lvgl\src\font\lv_font_montserrat_18.c 0x00000000   Number         0  lv_font_montserrat_18.o ABSOLUTE
    ..\Middlewares\LVGL\GUI\lvgl\src\font\lv_font_montserrat_20.c 0x00000000   Number         0  lv_font_montserrat_20.o ABSOLUTE
    ..\Middlewares\LVGL\GUI\lvgl\src\font\lv_font_montserrat_22.c 0x00000000   Number         0  lv_font_montserrat_22.o ABSOLUTE
    ..\Middlewares\LVGL\GUI\lvgl\src\font\lv_font_montserrat_24.c 0x00000000   Number         0  lv_font_montserrat_24.o ABSOLUTE
    ..\Middlewares\LVGL\GUI\lvgl\src\font\lv_font_montserrat_26.c 0x00000000   Number         0  lv_font_montserrat_26.o ABSOLUTE
    ..\Middlewares\LVGL\GUI\lvgl\src\font\lv_font_montserrat_28.c 0x00000000   Number         0  lv_font_montserrat_28.o ABSOLUTE
    ..\Middlewares\LVGL\GUI\lvgl\src\font\lv_font_montserrat_28_compressed.c 0x00000000   Number         0  lv_font_montserrat_28_compressed.o ABSOLUTE
    ..\Middlewares\LVGL\GUI\lvgl\src\font\lv_font_montserrat_30.c 0x00000000   Number         0  lv_font_montserrat_30.o ABSOLUTE
    ..\Middlewares\LVGL\GUI\lvgl\src\font\lv_font_montserrat_32.c 0x00000000   Number         0  lv_font_montserrat_32.o ABSOLUTE
    ..\Middlewares\LVGL\GUI\lvgl\src\font\lv_font_montserrat_34.c 0x00000000   Number         0  lv_font_montserrat_34.o ABSOLUTE
    ..\Middlewares\LVGL\GUI\lvgl\src\font\lv_font_montserrat_36.c 0x00000000   Number         0  lv_font_montserrat_36.o ABSOLUTE
    ..\Middlewares\LVGL\GUI\lvgl\src\font\lv_font_montserrat_38.c 0x00000000   Number         0  lv_font_montserrat_38.o ABSOLUTE
    ..\Middlewares\LVGL\GUI\lvgl\src\font\lv_font_montserrat_40.c 0x00000000   Number         0  lv_font_montserrat_40.o ABSOLUTE
    ..\Middlewares\LVGL\GUI\lvgl\src\font\lv_font_montserrat_42.c 0x00000000   Number         0  lv_font_montserrat_42.o ABSOLUTE
    ..\Middlewares\LVGL\GUI\lvgl\src\font\lv_font_montserrat_44.c 0x00000000   Number         0  lv_font_montserrat_44.o ABSOLUTE
    ..\Middlewares\LVGL\GUI\lvgl\src\font\lv_font_montserrat_46.c 0x00000000   Number         0  lv_font_montserrat_46.o ABSOLUTE
    ..\Middlewares\LVGL\GUI\lvgl\src\font\lv_font_montserrat_48.c 0x00000000   Number         0  lv_font_montserrat_48.o ABSOLUTE
    ..\Middlewares\LVGL\GUI\lvgl\src\font\lv_font_montserrat_8.c 0x00000000   Number         0  lv_font_montserrat_8.o ABSOLUTE
    ..\Middlewares\LVGL\GUI\lvgl\src\font\lv_font_simsun_16_cjk.c 0x00000000   Number         0  lv_font_simsun_16_cjk.o ABSOLUTE
    ..\Middlewares\LVGL\GUI\lvgl\src\font\lv_font_unscii_16.c 0x00000000   Number         0  lv_font_unscii_16.o ABSOLUTE
    ..\Middlewares\LVGL\GUI\lvgl\src\font\lv_font_unscii_8.c 0x00000000   Number         0  lv_font_unscii_8.o ABSOLUTE
    ..\Middlewares\LVGL\GUI\lvgl\src\hal\lv_hal_disp.c 0x00000000   Number         0  lv_hal_disp.o ABSOLUTE
    ..\Middlewares\LVGL\GUI\lvgl\src\hal\lv_hal_indev.c 0x00000000   Number         0  lv_hal_indev.o ABSOLUTE
    ..\Middlewares\LVGL\GUI\lvgl\src\hal\lv_hal_tick.c 0x00000000   Number         0  lv_hal_tick.o ABSOLUTE
    ..\Middlewares\LVGL\GUI\lvgl\src\misc\lv_anim.c 0x00000000   Number         0  lv_anim.o ABSOLUTE
    ..\Middlewares\LVGL\GUI\lvgl\src\misc\lv_anim_timeline.c 0x00000000   Number         0  lv_anim_timeline.o ABSOLUTE
    ..\Middlewares\LVGL\GUI\lvgl\src\misc\lv_area.c 0x00000000   Number         0  lv_area.o ABSOLUTE
    ..\Middlewares\LVGL\GUI\lvgl\src\misc\lv_async.c 0x00000000   Number         0  lv_async.o ABSOLUTE
    ..\Middlewares\LVGL\GUI\lvgl\src\misc\lv_bidi.c 0x00000000   Number         0  lv_bidi.o ABSOLUTE
    ..\Middlewares\LVGL\GUI\lvgl\src\misc\lv_color.c 0x00000000   Number         0  lv_color.o ABSOLUTE
    ..\Middlewares\LVGL\GUI\lvgl\src\misc\lv_fs.c 0x00000000   Number         0  lv_fs.o ABSOLUTE
    ..\Middlewares\LVGL\GUI\lvgl\src\misc\lv_gc.c 0x00000000   Number         0  lv_gc.o ABSOLUTE
    ..\Middlewares\LVGL\GUI\lvgl\src\misc\lv_ll.c 0x00000000   Number         0  lv_ll.o ABSOLUTE
    ..\Middlewares\LVGL\GUI\lvgl\src\misc\lv_log.c 0x00000000   Number         0  lv_log.o ABSOLUTE
    ..\Middlewares\LVGL\GUI\lvgl\src\misc\lv_lru.c 0x00000000   Number         0  lv_lru.o ABSOLUTE
    ..\Middlewares\LVGL\GUI\lvgl\src\misc\lv_math.c 0x00000000   Number         0  lv_math.o ABSOLUTE
    ..\Middlewares\LVGL\GUI\lvgl\src\misc\lv_mem.c 0x00000000   Number         0  lv_mem.o ABSOLUTE
    ..\Middlewares\LVGL\GUI\lvgl\src\misc\lv_printf.c 0x00000000   Number         0  lv_printf.o ABSOLUTE
    ..\Middlewares\LVGL\GUI\lvgl\src\misc\lv_style.c 0x00000000   Number         0  lv_style.o ABSOLUTE
    ..\Middlewares\LVGL\GUI\lvgl\src\misc\lv_style_gen.c 0x00000000   Number         0  lv_style_gen.o ABSOLUTE
    ..\Middlewares\LVGL\GUI\lvgl\src\misc\lv_templ.c 0x00000000   Number         0  lv_templ.o ABSOLUTE
    ..\Middlewares\LVGL\GUI\lvgl\src\misc\lv_timer.c 0x00000000   Number         0  lv_timer.o ABSOLUTE
    ..\Middlewares\LVGL\GUI\lvgl\src\misc\lv_tlsf.c 0x00000000   Number         0  lv_tlsf.o ABSOLUTE
    ..\Middlewares\LVGL\GUI\lvgl\src\misc\lv_txt.c 0x00000000   Number         0  lv_txt.o ABSOLUTE
    ..\Middlewares\LVGL\GUI\lvgl\src\misc\lv_txt_ap.c 0x00000000   Number         0  lv_txt_ap.o ABSOLUTE
    ..\Middlewares\LVGL\GUI\lvgl\src\misc\lv_utils.c 0x00000000   Number         0  lv_utils.o ABSOLUTE
    ..\Middlewares\LVGL\GUI\lvgl\src\widgets\lv_arc.c 0x00000000   Number         0  lv_arc.o ABSOLUTE
    ..\Middlewares\LVGL\GUI\lvgl\src\widgets\lv_bar.c 0x00000000   Number         0  lv_bar.o ABSOLUTE
    ..\Middlewares\LVGL\GUI\lvgl\src\widgets\lv_btn.c 0x00000000   Number         0  lv_btn.o ABSOLUTE
    ..\Middlewares\LVGL\GUI\lvgl\src\widgets\lv_btnmatrix.c 0x00000000   Number         0  lv_btnmatrix.o ABSOLUTE
    ..\Middlewares\LVGL\GUI\lvgl\src\widgets\lv_canvas.c 0x00000000   Number         0  lv_canvas.o ABSOLUTE
    ..\Middlewares\LVGL\GUI\lvgl\src\widgets\lv_checkbox.c 0x00000000   Number         0  lv_checkbox.o ABSOLUTE
    ..\Middlewares\LVGL\GUI\lvgl\src\widgets\lv_dropdown.c 0x00000000   Number         0  lv_dropdown.o ABSOLUTE
    ..\Middlewares\LVGL\GUI\lvgl\src\widgets\lv_img.c 0x00000000   Number         0  lv_img.o ABSOLUTE
    ..\Middlewares\LVGL\GUI\lvgl\src\widgets\lv_label.c 0x00000000   Number         0  lv_label.o ABSOLUTE
    ..\Middlewares\LVGL\GUI\lvgl\src\widgets\lv_line.c 0x00000000   Number         0  lv_line.o ABSOLUTE
    ..\Middlewares\LVGL\GUI\lvgl\src\widgets\lv_objx_templ.c 0x00000000   Number         0  lv_objx_templ.o ABSOLUTE
    ..\Middlewares\LVGL\GUI\lvgl\src\widgets\lv_roller.c 0x00000000   Number         0  lv_roller.o ABSOLUTE
    ..\Middlewares\LVGL\GUI\lvgl\src\widgets\lv_slider.c 0x00000000   Number         0  lv_slider.o ABSOLUTE
    ..\Middlewares\LVGL\GUI\lvgl\src\widgets\lv_switch.c 0x00000000   Number         0  lv_switch.o ABSOLUTE
    ..\Middlewares\LVGL\GUI\lvgl\src\widgets\lv_table.c 0x00000000   Number         0  lv_table.o ABSOLUTE
    ..\Middlewares\LVGL\GUI\lvgl\src\widgets\lv_textarea.c 0x00000000   Number         0  lv_textarea.o ABSOLUTE
    ..\\Core\\Src\\delay.c                   0x00000000   Number         0  delay.o ABSOLUTE
    ..\\Core\\Src\\lcd.c                     0x00000000   Number         0  lcd.o ABSOLUTE
    ..\\Core\\Src\\touch.c                   0x00000000   Number         0  touch.o ABSOLUTE
    ..\\Middlewares\\LVGL\\GUI\\lvgl\\examples\\porting\\lv_port_disp_template.c 0x00000000   Number         0  lv_port_disp_template.o ABSOLUTE
    dc.s                                     0x00000000   Number         0  dc.o ABSOLUTE
    startup_stm32f072xb.s                    0x00000000   Number         0  startup_stm32f072xb.o ABSOLUTE
    RESET                                    0x08000000   Section      192  startup_stm32f072xb.o(RESET)
    !!!main                                  0x080000c0   Section        8  __main.o(!!!main)
    !!!scatter                               0x080000c8   Section       60  __scatter.o(!!!scatter)
    !!handler_copy                           0x08000104   Section       26  __scatter_copy.o(!!handler_copy)
    !!handler_zi                             0x08000120   Section       28  __scatter_zi.o(!!handler_zi)
    .ARM.Collect$$libinit$$00000000          0x0800013c   Section        2  libinit.o(.ARM.Collect$$libinit$$00000000)
    .ARM.Collect$$libinit$$00000002          0x0800013e   Section        0  libinit2.o(.ARM.Collect$$libinit$$00000002)
    .ARM.Collect$$libinit$$00000004          0x0800013e   Section        0  libinit2.o(.ARM.Collect$$libinit$$00000004)
    .ARM.Collect$$libinit$$0000000A          0x0800013e   Section        0  libinit2.o(.ARM.Collect$$libinit$$0000000A)
    .ARM.Collect$$libinit$$0000000C          0x0800013e   Section        0  libinit2.o(.ARM.Collect$$libinit$$0000000C)
    .ARM.Collect$$libinit$$0000000E          0x0800013e   Section        0  libinit2.o(.ARM.Collect$$libinit$$0000000E)
    .ARM.Collect$$libinit$$00000011          0x0800013e   Section        0  libinit2.o(.ARM.Collect$$libinit$$00000011)
    .ARM.Collect$$libinit$$00000013          0x0800013e   Section        0  libinit2.o(.ARM.Collect$$libinit$$00000013)
    .ARM.Collect$$libinit$$00000015          0x0800013e   Section        0  libinit2.o(.ARM.Collect$$libinit$$00000015)
    .ARM.Collect$$libinit$$00000017          0x0800013e   Section        0  libinit2.o(.ARM.Collect$$libinit$$00000017)
    .ARM.Collect$$libinit$$00000019          0x0800013e   Section        0  libinit2.o(.ARM.Collect$$libinit$$00000019)
    .ARM.Collect$$libinit$$0000001B          0x0800013e   Section        0  libinit2.o(.ARM.Collect$$libinit$$0000001B)
    .ARM.Collect$$libinit$$0000001D          0x0800013e   Section        0  libinit2.o(.ARM.Collect$$libinit$$0000001D)
    .ARM.Collect$$libinit$$0000001F          0x0800013e   Section        0  libinit2.o(.ARM.Collect$$libinit$$0000001F)
    .ARM.Collect$$libinit$$00000021          0x0800013e   Section        0  libinit2.o(.ARM.Collect$$libinit$$00000021)
    .ARM.Collect$$libinit$$00000023          0x0800013e   Section        0  libinit2.o(.ARM.Collect$$libinit$$00000023)
    .ARM.Collect$$libinit$$00000025          0x0800013e   Section        0  libinit2.o(.ARM.Collect$$libinit$$00000025)
    .ARM.Collect$$libinit$$0000002C          0x0800013e   Section        0  libinit2.o(.ARM.Collect$$libinit$$0000002C)
    .ARM.Collect$$libinit$$0000002E          0x0800013e   Section        0  libinit2.o(.ARM.Collect$$libinit$$0000002E)
    .ARM.Collect$$libinit$$00000030          0x0800013e   Section        0  libinit2.o(.ARM.Collect$$libinit$$00000030)
    .ARM.Collect$$libinit$$00000032          0x0800013e   Section        0  libinit2.o(.ARM.Collect$$libinit$$00000032)
    .ARM.Collect$$libinit$$00000033          0x0800013e   Section        2  libinit2.o(.ARM.Collect$$libinit$$00000033)
    .ARM.Collect$$libshutdown$$00000000      0x08000140   Section        2  libshutdown.o(.ARM.Collect$$libshutdown$$00000000)
    .ARM.Collect$$libshutdown$$00000002      0x08000142   Section        0  libshutdown2.o(.ARM.Collect$$libshutdown$$00000002)
    .ARM.Collect$$libshutdown$$00000004      0x08000142   Section        0  libshutdown2.o(.ARM.Collect$$libshutdown$$00000004)
    .ARM.Collect$$libshutdown$$00000007      0x08000142   Section        0  libshutdown2.o(.ARM.Collect$$libshutdown$$00000007)
    .ARM.Collect$$libshutdown$$0000000A      0x08000142   Section        0  libshutdown2.o(.ARM.Collect$$libshutdown$$0000000A)
    .ARM.Collect$$libshutdown$$0000000C      0x08000142   Section        0  libshutdown2.o(.ARM.Collect$$libshutdown$$0000000C)
    .ARM.Collect$$libshutdown$$0000000F      0x08000142   Section        0  libshutdown2.o(.ARM.Collect$$libshutdown$$0000000F)
    .ARM.Collect$$libshutdown$$00000010      0x08000142   Section        2  libshutdown2.o(.ARM.Collect$$libshutdown$$00000010)
    .ARM.Collect$$rtentry$$00000000          0x08000144   Section        0  __rtentry.o(.ARM.Collect$$rtentry$$00000000)
    .ARM.Collect$$rtentry$$00000002          0x08000144   Section        0  __rtentry2.o(.ARM.Collect$$rtentry$$00000002)
    .ARM.Collect$$rtentry$$00000004          0x08000144   Section        6  __rtentry4.o(.ARM.Collect$$rtentry$$00000004)
    .ARM.Collect$$rtentry$$00000009          0x0800014a   Section        0  __rtentry2.o(.ARM.Collect$$rtentry$$00000009)
    .ARM.Collect$$rtentry$$0000000A          0x0800014a   Section        4  __rtentry2.o(.ARM.Collect$$rtentry$$0000000A)
    .ARM.Collect$$rtentry$$0000000C          0x0800014e   Section        0  __rtentry2.o(.ARM.Collect$$rtentry$$0000000C)
    .ARM.Collect$$rtentry$$0000000D          0x0800014e   Section        8  __rtentry2.o(.ARM.Collect$$rtentry$$0000000D)
    .ARM.Collect$$rtexit$$00000000           0x08000156   Section        2  rtexit.o(.ARM.Collect$$rtexit$$00000000)
    .ARM.Collect$$rtexit$$00000002           0x08000158   Section        0  rtexit2.o(.ARM.Collect$$rtexit$$00000002)
    .ARM.Collect$$rtexit$$00000003           0x08000158   Section        4  rtexit2.o(.ARM.Collect$$rtexit$$00000003)
    .ARM.Collect$$rtexit$$00000004           0x0800015c   Section        6  rtexit2.o(.ARM.Collect$$rtexit$$00000004)
    .text                                    0x08000164   Section       56  startup_stm32f072xb.o(.text)
    .text                                    0x0800019c   Section        0  lludiv.o(.text)
    .text                                    0x0800029e   Section        0  rt_memclr.o(.text)
    .text                                    0x080002de   Section      346  aeabi_sdiv.o(.text)
    .text                                    0x08000438   Section        0  heapauxi.o(.text)
    .text                                    0x08000440   Section        0  sys_exit.o(.text)
    .text                                    0x0800044c   Section        2  use_no_semi.o(.text)
    .text                                    0x0800044e   Section        0  indicate_semi.o(.text)
    .text                                    0x0800044e   Section       62  sys_stackheap_outer.o(.text)
    .text                                    0x0800048c   Section        0  exit.o(.text)
    .text                                    0x0800049c   Section        8  libspace.o(.text)
    i.HAL_Delay                              0x080004a4   Section        0  stm32f0xx_hal.o(i.HAL_Delay)
    i.HAL_GPIO_Init                          0x080004c8   Section        0  stm32f0xx_hal_gpio.o(i.HAL_GPIO_Init)
    i.HAL_GPIO_ReadPin                       0x0800067c   Section        0  stm32f0xx_hal_gpio.o(i.HAL_GPIO_ReadPin)
    i.HAL_GPIO_WritePin                      0x08000686   Section        0  stm32f0xx_hal_gpio.o(i.HAL_GPIO_WritePin)
    i.HAL_GetTick                            0x08000694   Section        0  stm32f0xx_hal.o(i.HAL_GetTick)
    i.HAL_IncTick                            0x080006a0   Section        0  stm32f0xx_hal.o(i.HAL_IncTick)
    i.HAL_Init                               0x080006b0   Section        0  stm32f0xx_hal.o(i.HAL_Init)
    i.HAL_InitTick                           0x080006d0   Section        0  stm32f0xx_hal.o(i.HAL_InitTick)
    i.HAL_MspInit                            0x08000714   Section        0  stm32f0xx_hal_msp.o(i.HAL_MspInit)
    i.HAL_NVIC_SetPriority                   0x0800073c   Section        0  stm32f0xx_hal_cortex.o(i.HAL_NVIC_SetPriority)
    i.HAL_RCC_ClockConfig                    0x08000744   Section        0  stm32f0xx_hal_rcc.o(i.HAL_RCC_ClockConfig)
    i.HAL_RCC_GetSysClockFreq                0x08000854   Section        0  stm32f0xx_hal_rcc.o(i.HAL_RCC_GetSysClockFreq)
    i.HAL_RCC_OscConfig                      0x080008bc   Section        0  stm32f0xx_hal_rcc.o(i.HAL_RCC_OscConfig)
    i.HAL_SYSTICK_Config                     0x08000cc0   Section        0  stm32f0xx_hal_cortex.o(i.HAL_SYSTICK_Config)
    i.HardFault_Handler                      0x08000cf0   Section        0  stm32f0xx_it.o(i.HardFault_Handler)
    i.LCD_BGON                               0x08000cf4   Section        0  lcd.o(i.LCD_BGON)
    i.LCD_Clear                              0x08000d08   Section        0  lcd.o(i.LCD_Clear)
    i.LCD_Draw_Point                         0x08000d60   Section        0  lcd.o(i.LCD_Draw_Point)
    i.LCD_Init                               0x08000da8   Section        0  lcd.o(i.LCD_Init)
    i.LCD_POW                                0x08000dec   Section        0  lcd.o(i.LCD_POW)
    i.LCD_RegConfig                          0x08000e00   Section        0  lcd.o(i.LCD_RegConfig)
    i.LCD_SET_Cursor                         0x08000ff0   Section        0  lcd.o(i.LCD_SET_Cursor)
    i.LCD_SPI_WriteByte                      0x0800101c   Section        0  lcd.o(i.LCD_SPI_WriteByte)
    i.LCD_SetArea                            0x08001064   Section        0  lcd.o(i.LCD_SetArea)
    i.LCD_Show_Char                          0x080010b8   Section        0  lcd.o(i.LCD_Show_Char)
    i.LCD_Show_Num                           0x08001184   Section        0  lcd.o(i.LCD_Show_Num)
    i.LCD_WR_DATA                            0x08001200   Section        0  lcd.o(i.LCD_WR_DATA)
    i.LCD_WR_REG                             0x08001238   Section        0  lcd.o(i.LCD_WR_REG)
    i.LCD_WriteRam                           0x08001270   Section        0  lcd.o(i.LCD_WriteRam)
    i.MX_GPIO_Init                           0x080012b0   Section        0  gpio.o(i.MX_GPIO_Init)
    i.NMI_Handler                            0x08001390   Section        0  stm32f0xx_it.o(i.NMI_Handler)
    i.PendSV_Handler                         0x08001392   Section        0  stm32f0xx_it.o(i.PendSV_Handler)
    i.SVC_Handler                            0x08001394   Section        0  stm32f0xx_it.o(i.SVC_Handler)
    i.SysTick_Handler                        0x08001396   Section        0  stm32f0xx_it.o(i.SysTick_Handler)
    i.SystemClock_Config                     0x0800139e   Section        0  main.o(i.SystemClock_Config)
    i.SystemInit                             0x080013f4   Section        0  system_stm32f0xx.o(i.SystemInit)
    i.TIM14_Init                             0x080013f8   Section        0  delay.o(i.TIM14_Init)
    i.TP_Read_AD                             0x08001430   Section        0  touch.o(i.TP_Read_AD)
    i.TP_Write_Byte                          0x080014d8   Section        0  touch.o(i.TP_Write_Byte)
    i.__ARM_common_ll_muluu                  0x08001520   Section        0  stm32f0xx_hal_rcc.o(i.__ARM_common_ll_muluu)
    i.__NVIC_SetPriority                     0x08001550   Section        0  stm32f0xx_hal_cortex.o(i.__NVIC_SetPriority)
    __NVIC_SetPriority                       0x08001551   Thumb Code    60  stm32f0xx_hal_cortex.o(i.__NVIC_SetPriority)
    i.delay_us                               0x08001594   Section        0  delay.o(i.delay_us)
    i.main                                   0x080015ac   Section        0  main.o(i.main)
    .constdata                               0x08001614   Section    12160  lcd.o(.constdata)
    .constdata                               0x08004594   Section       32  stm32f0xx_hal_rcc.o(.constdata)
    aPLLMULFactorTable                       0x08004594   Data          16  stm32f0xx_hal_rcc.o(.constdata)
    aPredivFactorTable                       0x080045a4   Data          16  stm32f0xx_hal_rcc.o(.constdata)
    .constdata                               0x080045b4   Section       16  system_stm32f0xx.o(.constdata)
    .data                                    0x20000000   Section       12  stm32f0xx_hal.o(.data)
    .data                                    0x2000000c   Section        4  system_stm32f0xx.o(.data)
    .bss                                     0x20000010   Section       96  libspace.o(.bss)
    HEAP                                     0x20000070   Section      512  startup_stm32f072xb.o(HEAP)
    Heap_Mem                                 0x20000070   Data         512  startup_stm32f072xb.o(HEAP)
    STACK                                    0x20000270   Section     1024  startup_stm32f072xb.o(STACK)
    Stack_Mem                                0x20000270   Data        1024  startup_stm32f072xb.o(STACK)
    __initial_sp                             0x20000670   Data           0  startup_stm32f072xb.o(STACK)

    Global Symbols

    Symbol Name                              Value     Ov Type        Size  Object(Section)

    BuildAttributes$$THM_ISAv3M$S$PE$A:L22$X:L11$S22$IEEE1$IW$USESV6$~STKCKD$USESV7$~SHL$OSPACE$ROPI$EBA8$UX$STANDARDLIB$REQ8$PRES8$EABIv2 0x00000000   Number         0  anon$$obj.o ABSOLUTE
    __ARM_use_no_argv                        0x00000000   Number         0  main.o ABSOLUTE
    __ARM_exceptions_init                     - Undefined Weak Reference
    __alloca_initialize                       - Undefined Weak Reference
    __arm_preinit_                            - Undefined Weak Reference
    __cpp_initialize__aeabi_                  - Undefined Weak Reference
    __cxa_finalize                            - Undefined Weak Reference
    __rt_locale                               - Undefined Weak Reference
    __sigvec_lookup                           - Undefined Weak Reference
    _atexit_init                              - Undefined Weak Reference
    _call_atexit_fns                          - Undefined Weak Reference
    _clock_init                               - Undefined Weak Reference
    _fp_trap_init                             - Undefined Weak Reference
    _fp_trap_shutdown                         - Undefined Weak Reference
    _get_lc_collate                           - Undefined Weak Reference
    _get_lc_ctype                             - Undefined Weak Reference
    _get_lc_monetary                          - Undefined Weak Reference
    _get_lc_numeric                           - Undefined Weak Reference
    _get_lc_time                              - Undefined Weak Reference
    _getenv_init                              - Undefined Weak Reference
    _handle_redirection                       - Undefined Weak Reference
    _init_alloc                               - Undefined Weak Reference
    _init_user_alloc                          - Undefined Weak Reference
    _initio                                   - Undefined Weak Reference
    _rand_init                                - Undefined Weak Reference
    _signal_finish                            - Undefined Weak Reference
    _signal_init                              - Undefined Weak Reference
    _terminate_alloc                          - Undefined Weak Reference
    _terminate_user_alloc                     - Undefined Weak Reference
    _terminateio                              - Undefined Weak Reference
    __Vectors_Size                           0x000000c0   Number         0  startup_stm32f072xb.o ABSOLUTE
    __Vectors                                0x08000000   Data           4  startup_stm32f072xb.o(RESET)
    __Vectors_End                            0x080000c0   Data           0  startup_stm32f072xb.o(RESET)
    __main                                   0x080000c1   Thumb Code     8  __main.o(!!!main)
    __scatterload                            0x080000c9   Thumb Code     0  __scatter.o(!!!scatter)
    __scatterload_rt2                        0x080000c9   Thumb Code    52  __scatter.o(!!!scatter)
    __scatterload_rt2_thumb_only             0x080000c9   Thumb Code     0  __scatter.o(!!!scatter)
    __scatterload_null                       0x080000d9   Thumb Code     0  __scatter.o(!!!scatter)
    __scatterload_copy                       0x08000105   Thumb Code    26  __scatter_copy.o(!!handler_copy)
    __scatterload_zeroinit                   0x08000121   Thumb Code    28  __scatter_zi.o(!!handler_zi)
    __rt_lib_init                            0x0800013d   Thumb Code     0  libinit.o(.ARM.Collect$$libinit$$00000000)
    __rt_lib_init_alloca_1                   0x0800013f   Thumb Code     0  libinit2.o(.ARM.Collect$$libinit$$0000002E)
    __rt_lib_init_argv_1                     0x0800013f   Thumb Code     0  libinit2.o(.ARM.Collect$$libinit$$0000002C)
    __rt_lib_init_atexit_1                   0x0800013f   Thumb Code     0  libinit2.o(.ARM.Collect$$libinit$$0000001B)
    __rt_lib_init_clock_1                    0x0800013f   Thumb Code     0  libinit2.o(.ARM.Collect$$libinit$$00000021)
    __rt_lib_init_cpp_1                      0x0800013f   Thumb Code     0  libinit2.o(.ARM.Collect$$libinit$$00000032)
    __rt_lib_init_exceptions_1               0x0800013f   Thumb Code     0  libinit2.o(.ARM.Collect$$libinit$$00000030)
    __rt_lib_init_fp_1                       0x0800013f   Thumb Code     0  libinit2.o(.ARM.Collect$$libinit$$00000002)
    __rt_lib_init_fp_trap_1                  0x0800013f   Thumb Code     0  libinit2.o(.ARM.Collect$$libinit$$0000001F)
    __rt_lib_init_getenv_1                   0x0800013f   Thumb Code     0  libinit2.o(.ARM.Collect$$libinit$$00000023)
    __rt_lib_init_heap_1                     0x0800013f   Thumb Code     0  libinit2.o(.ARM.Collect$$libinit$$0000000A)
    __rt_lib_init_lc_collate_1               0x0800013f   Thumb Code     0  libinit2.o(.ARM.Collect$$libinit$$00000011)
    __rt_lib_init_lc_ctype_1                 0x0800013f   Thumb Code     0  libinit2.o(.ARM.Collect$$libinit$$00000013)
    __rt_lib_init_lc_monetary_1              0x0800013f   Thumb Code     0  libinit2.o(.ARM.Collect$$libinit$$00000015)
    __rt_lib_init_lc_numeric_1               0x0800013f   Thumb Code     0  libinit2.o(.ARM.Collect$$libinit$$00000017)
    __rt_lib_init_lc_time_1                  0x0800013f   Thumb Code     0  libinit2.o(.ARM.Collect$$libinit$$00000019)
    __rt_lib_init_preinit_1                  0x0800013f   Thumb Code     0  libinit2.o(.ARM.Collect$$libinit$$00000004)
    __rt_lib_init_rand_1                     0x0800013f   Thumb Code     0  libinit2.o(.ARM.Collect$$libinit$$0000000E)
    __rt_lib_init_return                     0x0800013f   Thumb Code     0  libinit2.o(.ARM.Collect$$libinit$$00000033)
    __rt_lib_init_signal_1                   0x0800013f   Thumb Code     0  libinit2.o(.ARM.Collect$$libinit$$0000001D)
    __rt_lib_init_stdio_1                    0x0800013f   Thumb Code     0  libinit2.o(.ARM.Collect$$libinit$$00000025)
    __rt_lib_init_user_alloc_1               0x0800013f   Thumb Code     0  libinit2.o(.ARM.Collect$$libinit$$0000000C)
    __rt_lib_shutdown                        0x08000141   Thumb Code     0  libshutdown.o(.ARM.Collect$$libshutdown$$00000000)
    __rt_lib_shutdown_cpp_1                  0x08000143   Thumb Code     0  libshutdown2.o(.ARM.Collect$$libshutdown$$00000002)
    __rt_lib_shutdown_fp_trap_1              0x08000143   Thumb Code     0  libshutdown2.o(.ARM.Collect$$libshutdown$$00000007)
    __rt_lib_shutdown_heap_1                 0x08000143   Thumb Code     0  libshutdown2.o(.ARM.Collect$$libshutdown$$0000000F)
    __rt_lib_shutdown_return                 0x08000143   Thumb Code     0  libshutdown2.o(.ARM.Collect$$libshutdown$$00000010)
    __rt_lib_shutdown_signal_1               0x08000143   Thumb Code     0  libshutdown2.o(.ARM.Collect$$libshutdown$$0000000A)
    __rt_lib_shutdown_stdio_1                0x08000143   Thumb Code     0  libshutdown2.o(.ARM.Collect$$libshutdown$$00000004)
    __rt_lib_shutdown_user_alloc_1           0x08000143   Thumb Code     0  libshutdown2.o(.ARM.Collect$$libshutdown$$0000000C)
    __rt_entry                               0x08000145   Thumb Code     0  __rtentry.o(.ARM.Collect$$rtentry$$00000000)
    __rt_entry_presh_1                       0x08000145   Thumb Code     0  __rtentry2.o(.ARM.Collect$$rtentry$$00000002)
    __rt_entry_sh                            0x08000145   Thumb Code     0  __rtentry4.o(.ARM.Collect$$rtentry$$00000004)
    __rt_entry_li                            0x0800014b   Thumb Code     0  __rtentry2.o(.ARM.Collect$$rtentry$$0000000A)
    __rt_entry_postsh_1                      0x0800014b   Thumb Code     0  __rtentry2.o(.ARM.Collect$$rtentry$$00000009)
    __rt_entry_main                          0x0800014f   Thumb Code     0  __rtentry2.o(.ARM.Collect$$rtentry$$0000000D)
    __rt_entry_postli_1                      0x0800014f   Thumb Code     0  __rtentry2.o(.ARM.Collect$$rtentry$$0000000C)
    __rt_exit                                0x08000157   Thumb Code     0  rtexit.o(.ARM.Collect$$rtexit$$00000000)
    __rt_exit_ls                             0x08000159   Thumb Code     0  rtexit2.o(.ARM.Collect$$rtexit$$00000003)
    __rt_exit_prels_1                        0x08000159   Thumb Code     0  rtexit2.o(.ARM.Collect$$rtexit$$00000002)
    __rt_exit_exit                           0x0800015d   Thumb Code     0  rtexit2.o(.ARM.Collect$$rtexit$$00000004)
    Reset_Handler                            0x08000165   Thumb Code     8  startup_stm32f072xb.o(.text)
    ADC1_COMP_IRQHandler                     0x08000177   Thumb Code     0  startup_stm32f072xb.o(.text)
    CEC_CAN_IRQHandler                       0x08000177   Thumb Code     0  startup_stm32f072xb.o(.text)
    DMA1_Channel1_IRQHandler                 0x08000177   Thumb Code     0  startup_stm32f072xb.o(.text)
    DMA1_Channel2_3_IRQHandler               0x08000177   Thumb Code     0  startup_stm32f072xb.o(.text)
    DMA1_Channel4_5_6_7_IRQHandler           0x08000177   Thumb Code     0  startup_stm32f072xb.o(.text)
    EXTI0_1_IRQHandler                       0x08000177   Thumb Code     0  startup_stm32f072xb.o(.text)
    EXTI2_3_IRQHandler                       0x08000177   Thumb Code     0  startup_stm32f072xb.o(.text)
    EXTI4_15_IRQHandler                      0x08000177   Thumb Code     0  startup_stm32f072xb.o(.text)
    FLASH_IRQHandler                         0x08000177   Thumb Code     0  startup_stm32f072xb.o(.text)
    I2C1_IRQHandler                          0x08000177   Thumb Code     0  startup_stm32f072xb.o(.text)
    I2C2_IRQHandler                          0x08000177   Thumb Code     0  startup_stm32f072xb.o(.text)
    PVD_VDDIO2_IRQHandler                    0x08000177   Thumb Code     0  startup_stm32f072xb.o(.text)
    RCC_CRS_IRQHandler                       0x08000177   Thumb Code     0  startup_stm32f072xb.o(.text)
    RTC_IRQHandler                           0x08000177   Thumb Code     0  startup_stm32f072xb.o(.text)
    SPI1_IRQHandler                          0x08000177   Thumb Code     0  startup_stm32f072xb.o(.text)
    SPI2_IRQHandler                          0x08000177   Thumb Code     0  startup_stm32f072xb.o(.text)
    TIM14_IRQHandler                         0x08000177   Thumb Code     0  startup_stm32f072xb.o(.text)
    TIM15_IRQHandler                         0x08000177   Thumb Code     0  startup_stm32f072xb.o(.text)
    TIM16_IRQHandler                         0x08000177   Thumb Code     0  startup_stm32f072xb.o(.text)
    TIM17_IRQHandler                         0x08000177   Thumb Code     0  startup_stm32f072xb.o(.text)
    TIM1_BRK_UP_TRG_COM_IRQHandler           0x08000177   Thumb Code     0  startup_stm32f072xb.o(.text)
    TIM1_CC_IRQHandler                       0x08000177   Thumb Code     0  startup_stm32f072xb.o(.text)
    TIM2_IRQHandler                          0x08000177   Thumb Code     0  startup_stm32f072xb.o(.text)
    TIM3_IRQHandler                          0x08000177   Thumb Code     0  startup_stm32f072xb.o(.text)
    TIM6_DAC_IRQHandler                      0x08000177   Thumb Code     0  startup_stm32f072xb.o(.text)
    TIM7_IRQHandler                          0x08000177   Thumb Code     0  startup_stm32f072xb.o(.text)
    TSC_IRQHandler                           0x08000177   Thumb Code     0  startup_stm32f072xb.o(.text)
    USART1_IRQHandler                        0x08000177   Thumb Code     0  startup_stm32f072xb.o(.text)
    USART2_IRQHandler                        0x08000177   Thumb Code     0  startup_stm32f072xb.o(.text)
    USART3_4_IRQHandler                      0x08000177   Thumb Code     0  startup_stm32f072xb.o(.text)
    USB_IRQHandler                           0x08000177   Thumb Code     0  startup_stm32f072xb.o(.text)
    WWDG_IRQHandler                          0x08000177   Thumb Code     0  startup_stm32f072xb.o(.text)
    __user_initial_stackheap                 0x08000179   Thumb Code     0  startup_stm32f072xb.o(.text)
    __aeabi_uldivmod                         0x0800019d   Thumb Code   258  lludiv.o(.text)
    _ll_udiv                                 0x0800019d   Thumb Code     0  lludiv.o(.text)
    _memset_w                                0x0800029f   Thumb Code    26  rt_memclr.o(.text)
    _memset                                  0x080002b9   Thumb Code    30  rt_memclr.o(.text)
    __aeabi_memclr                           0x080002d7   Thumb Code     4  rt_memclr.o(.text)
    __rt_memclr                              0x080002d7   Thumb Code     0  rt_memclr.o(.text)
    __aeabi_memclr4                          0x080002db   Thumb Code     0  rt_memclr.o(.text)
    __aeabi_memclr8                          0x080002db   Thumb Code     0  rt_memclr.o(.text)
    __rt_memclr_w                            0x080002db   Thumb Code     4  rt_memclr.o(.text)
    __aeabi_uidiv                            0x080002df   Thumb Code     0  aeabi_sdiv.o(.text)
    __aeabi_uidivmod                         0x080002df   Thumb Code    20  aeabi_sdiv.o(.text)
    __aeabi_idiv                             0x080002f3   Thumb Code     0  aeabi_sdiv.o(.text)
    __aeabi_idivmod                          0x080002f3   Thumb Code   326  aeabi_sdiv.o(.text)
    __use_two_region_memory                  0x08000439   Thumb Code     2  heapauxi.o(.text)
    __rt_heap_escrow$2region                 0x0800043b   Thumb Code     2  heapauxi.o(.text)
    __rt_heap_expand$2region                 0x0800043d   Thumb Code     2  heapauxi.o(.text)
    _sys_exit                                0x08000441   Thumb Code     8  sys_exit.o(.text)
    __I$use$semihosting                      0x0800044d   Thumb Code     0  use_no_semi.o(.text)
    __use_no_semihosting_swi                 0x0800044d   Thumb Code     2  use_no_semi.o(.text)
    __semihosting_library_function           0x0800044f   Thumb Code     0  indicate_semi.o(.text)
    __user_setup_stackheap                   0x0800044f   Thumb Code    62  sys_stackheap_outer.o(.text)
    exit                                     0x0800048d   Thumb Code    16  exit.o(.text)
    __user_libspace                          0x0800049d   Thumb Code     8  libspace.o(.text)
    __user_perproc_libspace                  0x0800049d   Thumb Code     0  libspace.o(.text)
    __user_perthread_libspace                0x0800049d   Thumb Code     0  libspace.o(.text)
    HAL_Delay                                0x080004a5   Thumb Code    32  stm32f0xx_hal.o(i.HAL_Delay)
    HAL_GPIO_Init                            0x080004c9   Thumb Code   406  stm32f0xx_hal_gpio.o(i.HAL_GPIO_Init)
    HAL_GPIO_ReadPin                         0x0800067d   Thumb Code    10  stm32f0xx_hal_gpio.o(i.HAL_GPIO_ReadPin)
    HAL_GPIO_WritePin                        0x08000687   Thumb Code    12  stm32f0xx_hal_gpio.o(i.HAL_GPIO_WritePin)
    HAL_GetTick                              0x08000695   Thumb Code     6  stm32f0xx_hal.o(i.HAL_GetTick)
    HAL_IncTick                              0x080006a1   Thumb Code    12  stm32f0xx_hal.o(i.HAL_IncTick)
    HAL_Init                                 0x080006b1   Thumb Code    26  stm32f0xx_hal.o(i.HAL_Init)
    HAL_InitTick                             0x080006d1   Thumb Code    58  stm32f0xx_hal.o(i.HAL_InitTick)
    HAL_MspInit                              0x08000715   Thumb Code    34  stm32f0xx_hal_msp.o(i.HAL_MspInit)
    HAL_NVIC_SetPriority                     0x0800073d   Thumb Code     8  stm32f0xx_hal_cortex.o(i.HAL_NVIC_SetPriority)
    HAL_RCC_ClockConfig                      0x08000745   Thumb Code   252  stm32f0xx_hal_rcc.o(i.HAL_RCC_ClockConfig)
    HAL_RCC_GetSysClockFreq                  0x08000855   Thumb Code    86  stm32f0xx_hal_rcc.o(i.HAL_RCC_GetSysClockFreq)
    HAL_RCC_OscConfig                        0x080008bd   Thumb Code  1028  stm32f0xx_hal_rcc.o(i.HAL_RCC_OscConfig)
    HAL_SYSTICK_Config                       0x08000cc1   Thumb Code    38  stm32f0xx_hal_cortex.o(i.HAL_SYSTICK_Config)
    HardFault_Handler                        0x08000cf1   Thumb Code     2  stm32f0xx_it.o(i.HardFault_Handler)
    LCD_BGON                                 0x08000cf5   Thumb Code    14  lcd.o(i.LCD_BGON)
    LCD_Clear                                0x08000d09   Thumb Code    78  lcd.o(i.LCD_Clear)
    LCD_Draw_Point                           0x08000d61   Thumb Code    64  lcd.o(i.LCD_Draw_Point)
    LCD_Init                                 0x08000da9   Thumb Code    64  lcd.o(i.LCD_Init)
    LCD_POW                                  0x08000ded   Thumb Code    20  lcd.o(i.LCD_POW)
    LCD_RegConfig                            0x08000e01   Thumb Code   496  lcd.o(i.LCD_RegConfig)
    LCD_SET_Cursor                           0x08000ff1   Thumb Code    44  lcd.o(i.LCD_SET_Cursor)
    LCD_SPI_WriteByte                        0x0800101d   Thumb Code    66  lcd.o(i.LCD_SPI_WriteByte)
    LCD_SetArea                              0x08001065   Thumb Code    84  lcd.o(i.LCD_SetArea)
    LCD_Show_Char                            0x080010b9   Thumb Code   182  lcd.o(i.LCD_Show_Char)
    LCD_Show_Num                             0x08001185   Thumb Code   124  lcd.o(i.LCD_Show_Num)
    LCD_WR_DATA                              0x08001201   Thumb Code    48  lcd.o(i.LCD_WR_DATA)
    LCD_WR_REG                               0x08001239   Thumb Code    48  lcd.o(i.LCD_WR_REG)
    LCD_WriteRam                             0x08001271   Thumb Code    54  lcd.o(i.LCD_WriteRam)
    MX_GPIO_Init                             0x080012b1   Thumb Code   202  gpio.o(i.MX_GPIO_Init)
    NMI_Handler                              0x08001391   Thumb Code     2  stm32f0xx_it.o(i.NMI_Handler)
    PendSV_Handler                           0x08001393   Thumb Code     2  stm32f0xx_it.o(i.PendSV_Handler)
    SVC_Handler                              0x08001395   Thumb Code     2  stm32f0xx_it.o(i.SVC_Handler)
    SysTick_Handler                          0x08001397   Thumb Code     8  stm32f0xx_it.o(i.SysTick_Handler)
    SystemClock_Config                       0x0800139f   Thumb Code    86  main.o(i.SystemClock_Config)
    SystemInit                               0x080013f5   Thumb Code     2  system_stm32f0xx.o(i.SystemInit)
    TIM14_Init                               0x080013f9   Thumb Code    42  delay.o(i.TIM14_Init)
    TP_Read_AD                               0x08001431   Thumb Code   164  touch.o(i.TP_Read_AD)
    TP_Write_Byte                            0x080014d9   Thumb Code    66  touch.o(i.TP_Write_Byte)
    __ARM_common_ll_muluu                    0x08001521   Thumb Code    48  stm32f0xx_hal_rcc.o(i.__ARM_common_ll_muluu)
    delay_us                                 0x08001595   Thumb Code    18  delay.o(i.delay_us)
    main                                     0x080015ad   Thumb Code    96  main.o(i.main)
    asc2_1206                                0x08001614   Data        1140  lcd.o(.constdata)
    asc2_1608                                0x08001a88   Data        1520  lcd.o(.constdata)
    asc2_2412                                0x08002078   Data        3420  lcd.o(.constdata)
    asc2_3216                                0x08002dd4   Data        6080  lcd.o(.constdata)
    AHBPrescTable                            0x080045b4   Data          16  system_stm32f0xx.o(.constdata)
    Region$$Table$$Base                      0x080045c4   Number         0  anon$$obj.o(Region$$Table)
    Region$$Table$$Limit                     0x080045e4   Number         0  anon$$obj.o(Region$$Table)
    uwTickFreq                               0x20000000   Data           1  stm32f0xx_hal.o(.data)
    uwTickPrio                               0x20000004   Data           4  stm32f0xx_hal.o(.data)
    uwTick                                   0x20000008   Data           4  stm32f0xx_hal.o(.data)
    SystemCoreClock                          0x2000000c   Data           4  system_stm32f0xx.o(.data)
    __libspace_start                         0x20000010   Data          96  libspace.o(.bss)
    __temporary_stack_top$libspace           0x20000070   Data           0  libspace.o(.bss)



==============================================================================

Memory Map of the image

  Image Entry point : 0x080000c1

  Load Region LR_IROM1 (Base: 0x08000000, Size: 0x000045f4, Max: 0x00020000, ABSOLUTE)

    Execution Region ER_IROM1 (Base: 0x08000000, Size: 0x000045e4, Max: 0x00020000, ABSOLUTE)

    Base Addr    Size         Type   Attr      Idx    E Section Name        Object

    0x08000000   0x000000c0   Data   RO            3    RESET               startup_stm32f072xb.o
    0x080000c0   0x00000008   Code   RO        31774  * !!!main             c_p.l(__main.o)
    0x080000c8   0x0000003c   Code   RO        31982    !!!scatter          c_p.l(__scatter.o)
    0x08000104   0x0000001a   Code   RO        31984    !!handler_copy      c_p.l(__scatter_copy.o)
    0x0800011e   0x00000002   PAD
    0x08000120   0x0000001c   Code   RO        31986    !!handler_zi        c_p.l(__scatter_zi.o)
    0x0800013c   0x00000002   Code   RO        31864    .ARM.Collect$$libinit$$00000000  c_p.l(libinit.o)
    0x0800013e   0x00000000   Code   RO        31880    .ARM.Collect$$libinit$$00000002  c_p.l(libinit2.o)
    0x0800013e   0x00000000   Code   RO        31882    .ARM.Collect$$libinit$$00000004  c_p.l(libinit2.o)
    0x0800013e   0x00000000   Code   RO        31885    .ARM.Collect$$libinit$$0000000A  c_p.l(libinit2.o)
    0x0800013e   0x00000000   Code   RO        31887    .ARM.Collect$$libinit$$0000000C  c_p.l(libinit2.o)
    0x0800013e   0x00000000   Code   RO        31889    .ARM.Collect$$libinit$$0000000E  c_p.l(libinit2.o)
    0x0800013e   0x00000000   Code   RO        31892    .ARM.Collect$$libinit$$00000011  c_p.l(libinit2.o)
    0x0800013e   0x00000000   Code   RO        31894    .ARM.Collect$$libinit$$00000013  c_p.l(libinit2.o)
    0x0800013e   0x00000000   Code   RO        31896    .ARM.Collect$$libinit$$00000015  c_p.l(libinit2.o)
    0x0800013e   0x00000000   Code   RO        31898    .ARM.Collect$$libinit$$00000017  c_p.l(libinit2.o)
    0x0800013e   0x00000000   Code   RO        31900    .ARM.Collect$$libinit$$00000019  c_p.l(libinit2.o)
    0x0800013e   0x00000000   Code   RO        31902    .ARM.Collect$$libinit$$0000001B  c_p.l(libinit2.o)
    0x0800013e   0x00000000   Code   RO        31904    .ARM.Collect$$libinit$$0000001D  c_p.l(libinit2.o)
    0x0800013e   0x00000000   Code   RO        31906    .ARM.Collect$$libinit$$0000001F  c_p.l(libinit2.o)
    0x0800013e   0x00000000   Code   RO        31908    .ARM.Collect$$libinit$$00000021  c_p.l(libinit2.o)
    0x0800013e   0x00000000   Code   RO        31910    .ARM.Collect$$libinit$$00000023  c_p.l(libinit2.o)
    0x0800013e   0x00000000   Code   RO        31912    .ARM.Collect$$libinit$$00000025  c_p.l(libinit2.o)
    0x0800013e   0x00000000   Code   RO        31916    .ARM.Collect$$libinit$$0000002C  c_p.l(libinit2.o)
    0x0800013e   0x00000000   Code   RO        31918    .ARM.Collect$$libinit$$0000002E  c_p.l(libinit2.o)
    0x0800013e   0x00000000   Code   RO        31920    .ARM.Collect$$libinit$$00000030  c_p.l(libinit2.o)
    0x0800013e   0x00000000   Code   RO        31922    .ARM.Collect$$libinit$$00000032  c_p.l(libinit2.o)
    0x0800013e   0x00000002   Code   RO        31923    .ARM.Collect$$libinit$$00000033  c_p.l(libinit2.o)
    0x08000140   0x00000002   Code   RO        31955    .ARM.Collect$$libshutdown$$00000000  c_p.l(libshutdown.o)
    0x08000142   0x00000000   Code   RO        31965    .ARM.Collect$$libshutdown$$00000002  c_p.l(libshutdown2.o)
    0x08000142   0x00000000   Code   RO        31967    .ARM.Collect$$libshutdown$$00000004  c_p.l(libshutdown2.o)
    0x08000142   0x00000000   Code   RO        31970    .ARM.Collect$$libshutdown$$00000007  c_p.l(libshutdown2.o)
    0x08000142   0x00000000   Code   RO        31973    .ARM.Collect$$libshutdown$$0000000A  c_p.l(libshutdown2.o)
    0x08000142   0x00000000   Code   RO        31975    .ARM.Collect$$libshutdown$$0000000C  c_p.l(libshutdown2.o)
    0x08000142   0x00000000   Code   RO        31978    .ARM.Collect$$libshutdown$$0000000F  c_p.l(libshutdown2.o)
    0x08000142   0x00000002   Code   RO        31979    .ARM.Collect$$libshutdown$$00000010  c_p.l(libshutdown2.o)
    0x08000144   0x00000000   Code   RO        31800    .ARM.Collect$$rtentry$$00000000  c_p.l(__rtentry.o)
    0x08000144   0x00000000   Code   RO        31820    .ARM.Collect$$rtentry$$00000002  c_p.l(__rtentry2.o)
    0x08000144   0x00000006   Code   RO        31832    .ARM.Collect$$rtentry$$00000004  c_p.l(__rtentry4.o)
    0x0800014a   0x00000000   Code   RO        31822    .ARM.Collect$$rtentry$$00000009  c_p.l(__rtentry2.o)
    0x0800014a   0x00000004   Code   RO        31823    .ARM.Collect$$rtentry$$0000000A  c_p.l(__rtentry2.o)
    0x0800014e   0x00000000   Code   RO        31825    .ARM.Collect$$rtentry$$0000000C  c_p.l(__rtentry2.o)
    0x0800014e   0x00000008   Code   RO        31826    .ARM.Collect$$rtentry$$0000000D  c_p.l(__rtentry2.o)
    0x08000156   0x00000002   Code   RO        31873    .ARM.Collect$$rtexit$$00000000  c_p.l(rtexit.o)
    0x08000158   0x00000000   Code   RO        31925    .ARM.Collect$$rtexit$$00000002  c_p.l(rtexit2.o)
    0x08000158   0x00000004   Code   RO        31926    .ARM.Collect$$rtexit$$00000003  c_p.l(rtexit2.o)
    0x0800015c   0x00000006   Code   RO        31927    .ARM.Collect$$rtexit$$00000004  c_p.l(rtexit2.o)
    0x08000162   0x00000002   PAD
    0x08000164   0x00000038   Code   RO            4    .text               startup_stm32f072xb.o
    0x0800019c   0x00000102   Code   RO        31744    .text               c_p.l(lludiv.o)
    0x0800029e   0x00000040   Code   RO        31764    .text               c_p.l(rt_memclr.o)
    0x080002de   0x0000015a   Code   RO        31768    .text               c_p.l(aeabi_sdiv.o)
    0x08000438   0x00000006   Code   RO        31772    .text               c_p.l(heapauxi.o)
    0x0800043e   0x00000002   PAD
    0x08000440   0x0000000c   Code   RO        31798    .text               c_p.l(sys_exit.o)
    0x0800044c   0x00000002   Code   RO        31816    .text               c_p.l(use_no_semi.o)
    0x0800044e   0x00000000   Code   RO        31818    .text               c_p.l(indicate_semi.o)
    0x0800044e   0x0000003e   Code   RO        31846    .text               c_p.l(sys_stackheap_outer.o)
    0x0800048c   0x00000010   Code   RO        31849    .text               c_p.l(exit.o)
    0x0800049c   0x00000008   Code   RO        31869    .text               c_p.l(libspace.o)
    0x080004a4   0x00000024   Code   RO          788    i.HAL_Delay         stm32f0xx_hal.o
    0x080004c8   0x000001b4   Code   RO         1462    i.HAL_GPIO_Init     stm32f0xx_hal_gpio.o
    0x0800067c   0x0000000a   Code   RO         1464    i.HAL_GPIO_ReadPin  stm32f0xx_hal_gpio.o
    0x08000686   0x0000000c   Code   RO         1466    i.HAL_GPIO_WritePin  stm32f0xx_hal_gpio.o
    0x08000692   0x00000002   PAD
    0x08000694   0x0000000c   Code   RO          792    i.HAL_GetTick       stm32f0xx_hal.o
    0x080006a0   0x00000010   Code   RO          798    i.HAL_IncTick       stm32f0xx_hal.o
    0x080006b0   0x00000020   Code   RO          799    i.HAL_Init          stm32f0xx_hal.o
    0x080006d0   0x00000044   Code   RO          800    i.HAL_InitTick      stm32f0xx_hal.o
    0x08000714   0x00000028   Code   RO          528    i.HAL_MspInit       stm32f0xx_hal_msp.o
    0x0800073c   0x00000008   Code   RO         1623    i.HAL_NVIC_SetPriority  stm32f0xx_hal_cortex.o
    0x08000744   0x00000110   Code   RO          603    i.HAL_RCC_ClockConfig  stm32f0xx_hal_rcc.o
    0x08000854   0x00000068   Code   RO          611    i.HAL_RCC_GetSysClockFreq  stm32f0xx_hal_rcc.o
    0x080008bc   0x00000404   Code   RO          614    i.HAL_RCC_OscConfig  stm32f0xx_hal_rcc.o
    0x08000cc0   0x00000030   Code   RO         1627    i.HAL_SYSTICK_Config  stm32f0xx_hal_cortex.o
    0x08000cf0   0x00000002   Code   RO          481    i.HardFault_Handler  stm32f0xx_it.o
    0x08000cf2   0x00000002   PAD
    0x08000cf4   0x00000014   Code   RO           13    i.LCD_BGON          lcd.o
    0x08000d08   0x00000058   Code   RO           14    i.LCD_Clear         lcd.o
    0x08000d60   0x00000048   Code   RO           18    i.LCD_Draw_Point    lcd.o
    0x08000da8   0x00000044   Code   RO           20    i.LCD_Init          lcd.o
    0x08000dec   0x00000014   Code   RO           21    i.LCD_POW           lcd.o
    0x08000e00   0x000001f0   Code   RO           22    i.LCD_RegConfig     lcd.o
    0x08000ff0   0x0000002c   Code   RO           23    i.LCD_SET_Cursor    lcd.o
    0x0800101c   0x00000048   Code   RO           24    i.LCD_SPI_WriteByte  lcd.o
    0x08001064   0x00000054   Code   RO           25    i.LCD_SetArea       lcd.o
    0x080010b8   0x000000cc   Code   RO           26    i.LCD_Show_Char     lcd.o
    0x08001184   0x0000007c   Code   RO           27    i.LCD_Show_Num      lcd.o
    0x08001200   0x00000038   Code   RO           29    i.LCD_WR_DATA       lcd.o
    0x08001238   0x00000038   Code   RO           30    i.LCD_WR_REG        lcd.o
    0x08001270   0x00000040   Code   RO           31    i.LCD_WriteRam      lcd.o
    0x080012b0   0x000000e0   Code   RO          461    i.MX_GPIO_Init      gpio.o
    0x08001390   0x00000002   Code   RO          482    i.NMI_Handler       stm32f0xx_it.o
    0x08001392   0x00000002   Code   RO          483    i.PendSV_Handler    stm32f0xx_it.o
    0x08001394   0x00000002   Code   RO          484    i.SVC_Handler       stm32f0xx_it.o
    0x08001396   0x00000008   Code   RO          485    i.SysTick_Handler   stm32f0xx_it.o
    0x0800139e   0x00000056   Code   RO          423    i.SystemClock_Config  main.o
    0x080013f4   0x00000002   Code   RO         2114    i.SystemInit        system_stm32f0xx.o
    0x080013f6   0x00000002   PAD
    0x080013f8   0x00000038   Code   RO          548    i.TIM14_Init        delay.o
    0x08001430   0x000000a8   Code   RO          247    i.TP_Read_AD        touch.o
    0x080014d8   0x00000048   Code   RO          251    i.TP_Write_Byte     touch.o
    0x08001520   0x00000030   Code   RO          689    i.__ARM_common_ll_muluu  stm32f0xx_hal_rcc.o
    0x08001550   0x00000044   Code   RO         1629    i.__NVIC_SetPriority  stm32f0xx_hal_cortex.o
    0x08001594   0x00000018   Code   RO          549    i.delay_us          delay.o
    0x080015ac   0x00000068   Code   RO          424    i.main              main.o
    0x08001614   0x00002f80   Data   RO           33    .constdata          lcd.o
    0x08004594   0x00000020   Data   RO          615    .constdata          stm32f0xx_hal_rcc.o
    0x080045b4   0x00000010   Data   RO         2115    .constdata          system_stm32f0xx.o
    0x080045c4   0x00000020   Data   RO        31980    Region$$Table       anon$$obj.o


    Execution Region RW_IRAM1 (Base: 0x20000000, Size: 0x00000670, Max: 0x00004000, ABSOLUTE)

    Base Addr    Size         Type   Attr      Idx    E Section Name        Object

    0x20000000   0x0000000c   Data   RW          806    .data               stm32f0xx_hal.o
    0x2000000c   0x00000004   Data   RW         2117    .data               system_stm32f0xx.o
    0x20000010   0x00000060   Zero   RW        31870    .bss                c_p.l(libspace.o)
    0x20000070   0x00000200   Zero   RW            2    HEAP                startup_stm32f072xb.o
    0x20000270   0x00000400   Zero   RW            1    STACK               startup_stm32f072xb.o


==============================================================================

Image component sizes


      Code (inc. data)   RO Data    RW Data    ZI Data      Debug   Object Name

        80         20          0          0          0        816   delay.o
       224         22          0          0          0        923   gpio.o
      1468         82      12160          0          0     428694   lcd.o
       190          8          0          0          0       1480   main.o
        56         26        192          0       1536        608   startup_stm32f072xb.o
       164         30          0         12          0       8273   stm32f0xx_hal.o
       124         18          0          0          0       9548   stm32f0xx_hal_cortex.o
       458         30          0          0          0       2635   stm32f0xx_hal_gpio.o
        40          6          0          0          0        762   stm32f0xx_hal_msp.o
      1452         54         32          0          0       4150   stm32f0xx_hal_rcc.o
        16          0          0          0          0       1979   stm32f0xx_it.o
         2          0         16          4          0       1019   system_stm32f0xx.o
       240         10          0          0          0      32141   touch.o

    ----------------------------------------------------------------------
      4520        306      12432         16       1536     493028   Object Totals
         0          0         32          0          0          0   (incl. Generated)
         6          0          0          0          0          0   (incl. Padding)

    ----------------------------------------------------------------------

      Code (inc. data)   RO Data    RW Data    ZI Data      Debug   Library Member Name

         8          0          0          0          0         68   __main.o
         0          0          0          0          0          0   __rtentry.o
        12          0          0          0          0          0   __rtentry2.o
         6          0          0          0          0          0   __rtentry4.o
        60          8          0          0          0          0   __scatter.o
        26          0          0          0          0          0   __scatter_copy.o
        28          0          0          0          0          0   __scatter_zi.o
       346          0          0          0          0         92   aeabi_sdiv.o
        16          0          0          0          0         68   exit.o
         6          0          0          0          0        136   heapauxi.o
         0          0          0          0          0          0   indicate_semi.o
         2          0          0          0          0          0   libinit.o
         2          0          0          0          0          0   libinit2.o
         2          0          0          0          0          0   libshutdown.o
         2          0          0          0          0          0   libshutdown2.o
         8          4          0          0         96         68   libspace.o
       258          0          0          0          0         88   lludiv.o
        64          0          0          0          0        108   rt_memclr.o
         2          0          0          0          0          0   rtexit.o
        10          0          0          0          0          0   rtexit2.o
        12          4          0          0          0         60   sys_exit.o
        62          0          0          0          0         80   sys_stackheap_outer.o
         2          0          0          0          0         68   use_no_semi.o

    ----------------------------------------------------------------------
       940         16          0          0         96        836   Library Totals
         6          0          0          0          0          0   (incl. Padding)

    ----------------------------------------------------------------------

      Code (inc. data)   RO Data    RW Data    ZI Data      Debug   Library Name

       934         16          0          0         96        836   c_p.l

    ----------------------------------------------------------------------
       940         16          0          0         96        836   Library Totals

    ----------------------------------------------------------------------

==============================================================================


      Code (inc. data)   RO Data    RW Data    ZI Data      Debug   

      5460        322      12432         16       1632     491872   Grand Totals
      5460        322      12432         16       1632     491872   ELF Image Totals
      5460        322      12432         16          0          0   ROM Totals

==============================================================================

    Total RO  Size (Code + RO Data)                17892 (  17.47kB)
    Total RW  Size (RW Data + ZI Data)              1648 (   1.61kB)
    Total ROM Size (Code + RO Data + RW Data)      17908 (  17.49kB)

==============================================================================

